../STM32X/Lib/Core.inl.h:12:24:CORE_GetTick	8	static
../L001-RadioProtocols/Lib/IBUS.c:54:6:IBUS_DetInit	16	static
../L001-RadioProtocols/Lib/IBUS.c:73:6:IBUS_Init	8	static
../L001-RadioProtocols/Lib/IBUS.c:82:6:IBUS_Deinit	8	static
../L001-RadioProtocols/Lib/IBUS.c:87:6:IBUS_Update	40	static
../L001-RadioProtocols/Lib/IBUS.c:120:12:IBUS_GetDataPtr	8	static
../L001-RadioProtocols/Lib/IBUS.c:129:10:IBUS_Truncate	24	static
../L001-RadioProtocols/Lib/IBUS.c:150:6:IBUS_Checksum	24	static
../L001-RadioProtocols/Lib/IBUS.c:171:6:IBUS_HandleUART	16	static
