../STM32X/Lib/Core.inl.h:12:24:CORE_GetTick	8	static
../STM32X/Lib/GPIO.inl.h:11:20:GPIO_EnableInput	24	static
../STM32X/Lib/GPIO.inl.h:16:20:GPIO_Deinit	16	static
../STM32X/Lib/TIM.inl.h:10:24:TIM_Read	16	static
../L001-RadioProtocols/Lib/PPM.c:39:6:PPM_Detect	16	static
../L001-RadioProtocols/Lib/PPM.c:54:6:PPM_Init	8	static
../L001-RadioProtocols/Lib/PPM.c:66:6:PPM_Deinit	8	static
../L001-RadioProtocols/Lib/PPM.c:74:6:PPM_Update	16	static
../L001-RadioProtocols/Lib/PPM.c:101:11:PPM_GetDataPtr	8	static
../L001-RadioProtocols/Lib/PPM.c:110:10:PPM_Truncate	24	static
../L001-RadioProtocols/Lib/PPM.c:131:6:PPM_memset	16	static
../L001-RadioProtocols/Lib/PPM.c:144:6:PPM_IRQ	16	static
