../STM32X/Lib/Core.inl.h:12:24:CORE_GetTick	8	static
../STM32X/Lib/GPIO.inl.h:11:20:GPIO_EnableInput	24	static
../STM32X/Lib/GPIO.inl.h:16:20:GPIO_Deinit	16	static
../STM32X/Lib/GPIO.inl.h:38:28:GPIO_Read	16	static
../STM32X/Lib/TIM.inl.h:10:24:TIM_Read	16	static
../L001-RadioProtocols/Lib/PWM.c:44:6:PWM_Detect	40	static
../L001-RadioProtocols/Lib/PWM.c:64:6:PWM_Init	16	static
../L001-RadioProtocols/Lib/PWM.c:82:6:PWM_Deinit	16	static
../L001-RadioProtocols/Lib/PWM.c:93:6:PWM_Update	40	static
../L001-RadioProtocols/Lib/PWM.c:134:11:PWM_GetDataPtr	8	static
../L001-RadioProtocols/Lib/PWM.c:143:10:PWM_Truncate	24	static
../L001-RadioProtocols/Lib/PWM.c:164:6:PWM_memset	16	static
../L001-RadioProtocols/Lib/PWM.c:179:6:PWM1_IRQ	16	static
../L001-RadioProtocols/Lib/PWM.c:201:6:PWM2_IRQ	16	static
../L001-RadioProtocols/Lib/PWM.c:224:6:PWM3_IRQ	16	static
../L001-RadioProtocols/Lib/PWM.c:247:6:PWM4_IRQ	16	static
