../STM32X/Lib/Core.inl.h:12:24:CORE_GetTick	8	static
../STM32X/Lib/GPIO.inl.h:11:20:GPIO_EnableInput	24	static
../STM32X/Lib/GPIO.inl.h:16:20:GPIO_Deinit	16	static
../STM32X/Lib/GPIO.inl.h:38:28:GPIO_Read	16	static
../STM32X/Lib/TIM.inl.h:10:24:TIM_Read	16	static
../L001-RadioProtocols/Lib/PWM.c:44:6:PWM_DetInit	16	static
../L001-RadioProtocols/Lib/PWM.c:69:6:PWM_Init	16	static
../L001-RadioProtocols/Lib/PWM.c:95:6:PWM_Deinit	8	static
../L001-RadioProtocols/Lib/PWM.c:111:6:PWM_Update	24	static
../L001-RadioProtocols/Lib/PWM.c:153:11:PWM_GetDataPtr	8	static
../L001-RadioProtocols/Lib/PWM.c:162:10:PWM_Truncate	24	static
../L001-RadioProtocols/Lib/PWM.c:183:6:PWM_memset	16	static
../L001-RadioProtocols/Lib/PWM.c:197:6:PWM1_IRQ	24	static
../L001-RadioProtocols/Lib/PWM.c:232:6:PWM2_IRQ	24	static
../L001-RadioProtocols/Lib/PWM.c:267:6:PWM3_IRQ	24	static
../L001-RadioProtocols/Lib/PWM.c:302:6:PWM4_IRQ	24	static
