../STM32X/Lib/Core.inl.h:12:24:CORE_GetTick	8	static
../L001-RadioProtocols/Lib/Radio.c:70:6:RADIO_DetInit	40	static
../L001-RadioProtocols/Lib/Radio.c:225:6:RADIO_Init	16	static
../L001-RadioProtocols/Lib/Radio.c:278:6:RADIO_Update	8	static
../L001-RadioProtocols/Lib/Radio.c:347:13:RADIO_GetDataPtr	8	static
../L001-RadioProtocols/Lib/Radio.c:362:6:RADIO_SetChannelZeroPosition	16	static
../L001-RadioProtocols/Lib/Radio.c:393:6:SYSTEM_DetectRadio	16	static
../L001-RadioProtocols/Lib/Radio.c:423:6:RADIO_ResetChannelData	16	static
../L001-RadioProtocols/Lib/Radio.c:440:6:RADIO_ResetChannelZeroData	16	static
../L001-RadioProtocols/Lib/Radio.c:458:6:RADIO_ResetActiveChannelFlags	16	static
../L001-RadioProtocols/Lib/Radio.c:475:6:RADIO_UpdateActiveChannelFlags	16	static
