../L001-RadioProtocols/Lib/Radio.c:65:6:RADIO_DetectNew	32	static
../L001-RadioProtocols/Lib/Radio.c:133:6:RADIO_Init	16	static
../L001-RadioProtocols/Lib/Radio.c:181:6:RADIO_Update	8	static
../L001-RadioProtocols/Lib/Radio.c:229:13:RADIO_GetDataPtr	8	static
../L001-RadioProtocols/Lib/Radio.c:244:6:RADIO_SetChannelZeroPosition	16	static
../L001-RadioProtocols/Lib/Radio.c:272:6:RADIO_ResetActiveChannelFlags	16	static
../L001-RadioProtocols/Lib/Radio.c:288:6:RADIO_UpdateActiveChannelFlags	16	static
