../STM32X/Lib/ADC.c:104:6:ADC_Init	8	static
../STM32X/Lib/ADC.c:143:10:ADC_SetFreq	24	static
../STM32X/Lib/ADC.c:152:6:ADC_SetOversampling	24	static
../STM32X/Lib/ADC.c:181:10:ADC_Read	16	static
../STM32X/Lib/ADC.c:200:6:ADC_Deinit	8	static
../STM32X/Lib/ADC.c:224:10:AIN_AinToDivider	24	static
../STM32X/Lib/ADC.c:229:10:AIN_AinToMv	16	static
../STM32X/Lib/ADC.c:234:9:ADC_ReadDieTemp	16	static
../STM32X/Lib/ADC.c:248:10:ADC_ReadVRef	16	static
../STM32X/Lib/ADC.c:297:13:ADC_StopConversion	8	static
../STM32X/Lib/ADC.c:309:13:ADC_WaitForFlag	16	static
../STM32X/Lib/ADC.c:314:13:ADC_Calibrate	8	static
../STM32X/Lib/ADC.c:321:17:ADC_SelectSampleTime	48	static
