../Drivers/CMSIS/Include/core_cm0plus.h:983:34:__NVIC_SystemReset	8	static,ignoring_inline_asm
../STM32X/Lib/Core.inl.h:12:24:CORE_GetTick	8	static
../STM32X/Lib/GPIO.inl.h:16:20:GPIO_Deinit	16	static
../STM32X/Lib/CLK.inl.h:10:24:CLK_GetHCLKFreq	8	static
../STM32X/Lib/Core.c:57:6:CORE_Init	8	static
../STM32X/Lib/Core.c:79:33:CORE_Idle	8	static,ignoring_inline_asm
../STM32X/Lib/Core.c:90:6:CORE_Stop	8	static,ignoring_inline_asm
../STM32X/Lib/Core.c:116:6:CORE_Delay	24	static
../STM32X/Lib/Core.c:126:6:CORE_Reset	8	static
../STM32X/Lib/Core.c:138:20:CORE_GetResetSource	16	static
../STM32X/Lib/Core.c:177:6:CORE_InitSysTick	8	static
../STM32X/Lib/Core.c:183:6:CORE_InitGPIO	24	static
../STM32X/Lib/Core.c:209:10:HAL_GetTick	8	static
../STM32X/Lib/Core.c:218:6:SysTick_Handler	8	static
