../STM32X/Lib/GPIO.inl.h:28:20:GPIO_Set	16	static
../STM32X/Lib/GPIO.inl.h:33:20:GPIO_Reset	16	static
../STM32X/Lib/GPIO.c:48:6:GPIO_Write	24	static
../STM32X/Lib/GPIO.c:60:6:GPIO_EnableAlternate	24	static
../STM32X/Lib/GPIO.c:67:6:GPIO_OnChange	32	static
../STM32X/Lib/GPIO.c:80:6:GPIO_Init	40	static
../STM32X/Lib/GPIO.c:102:13:GPIO_ConfigAlternate	32	static
../STM32X/Lib/GPIO.c:118:13:GPIO_ConfigInterrupt	40	static
../STM32X/Lib/GPIO.c:142:17:GPIO_SWARBitDouble	16	static
../STM32X/Lib/GPIO.c:153:20:EXTIx_IRQHandler	16	static
../STM32X/Lib/GPIO.c:162:13:EXTIx_EnableIRQn	16	static
../STM32X/Lib/GPIO.c:197:6:EXTI2_3_IRQHandler	8	static
../STM32X/Lib/GPIO.c:212:6:EXTI4_15_IRQHandler	8	static
