Core.inl:12:24:CORE_GetTick	8	static
CLK.inl:15:24:CLK_GetPCLKFreq	8	static
I2C.c:95:6:I2C_Init	32	static
I2C.c:129:6:I2C_Deinit	16	static
I2C.c:145:6:I2C_Write	40	static
I2C.c:151:6:I2C_Read	40	static
I2C.c:157:6:I2C_Transfer	40	static
I2C.c:164:6:I2C_Scan	16	static
I2C.c:173:13:I2C_XferBlock	48	static
I2C.c:245:13:I2C_WaitForIdle	24	static
I2C.c:258:13:I2C_WaitForFlag	24	static
I2C.c:275:13:I2C_WaitForRXNE	24	static
I2C.c:300:13:I2C_FlushTXDR	16	static
I2C.c:312:13:I2C_IsAcknowledgeFailed	24	static
I2C.c:334:20:I2C_StartTransfer	32	static
I2C.c:340:17:I2C_SelectTiming	48	static
I2C.c:382:13:I2Cx_Init	16	static
I2C.c:407:13:I2Cx_Deinit	16	static
