../STM32X/Lib/Core.inl.h:12:24:CORE_GetTick	8	static
../STM32X/Lib/CLK.inl.h:15:24:CLK_GetPCLKFreq	8	static
../STM32X/Lib/I2C.c:96:6:I2C_Init	32	static
../STM32X/Lib/I2C.c:130:6:I2C_Deinit	16	static
../STM32X/Lib/I2C.c:146:6:I2C_Write	40	static
../STM32X/Lib/I2C.c:152:6:I2C_Read	40	static
../STM32X/Lib/I2C.c:158:6:I2C_Transfer	40	static
../STM32X/Lib/I2C.c:165:6:I2C_Scan	16	static
../STM32X/Lib/I2C.c:174:13:I2C_XferBlock	48	static
../STM32X/Lib/I2C.c:246:13:I2C_WaitForIdle	24	static
../STM32X/Lib/I2C.c:259:13:I2C_WaitForFlag	24	static
../STM32X/Lib/I2C.c:276:13:I2C_WaitForRXNE	24	static
../STM32X/Lib/I2C.c:301:13:I2C_FlushTXDR	16	static
../STM32X/Lib/I2C.c:313:13:I2C_IsAcknowledgeFailed	24	static
../STM32X/Lib/I2C.c:335:20:I2C_StartTransfer	32	static
../STM32X/Lib/I2C.c:341:17:I2C_SelectTiming	48	static
../STM32X/Lib/I2C.c:383:13:I2Cx_Init	16	static
../STM32X/Lib/I2C.c:408:13:I2Cx_Deinit	16	static
