../STM32X/Lib/GPIO.inl.h:16:20:GPIO_Deinit	16	static
../STM32X/Lib/CLK.inl.h:15:24:CLK_GetPCLKFreq	8	static
../STM32X/Lib/UART.c:83:6:UART_Init	96	static
../STM32X/Lib/UART.c:126:6:UART_Deinit	16	static
../STM32X/Lib/UART.c:142:6:UART_Write	32	static
../STM32X/Lib/UART.c:160:6:UART_WriteStr	16	static
../STM32X/Lib/UART.c:165:10:UART_ReadCount	24	static
../STM32X/Lib/UART.c:174:10:UART_Read	40	static
../STM32X/Lib/UART.c:194:9:UART_Pop	32	static
../STM32X/Lib/UART.c:202:6:UART_ReadFlush	16	static
../STM32X/Lib/UART.c:209:6:UART_WriteFlush	16	static
../STM32X/Lib/UART.c:217:10:UART_WriteCount	24	static
../STM32X/Lib/UART.c:232:13:UARTx_Init	16	static
../STM32X/Lib/UART.c:284:13:UARTx_Deinit	16	static
../STM32X/Lib/UART.c:342:6:UART_IRQHandler	24	static
../STM32X/Lib/UART.c:383:6:LPUART1_IRQHandler	8	static
