../STM32X/Lib/GPIO.inl.h:21:20:GPIO_EnableOutput	24	static
../STM32X/Lib/GPIO.inl.h:38:28:GPIO_Read	16	static
../STM32X/Lib/Core.inl.h:12:24:CORE_GetTick	8	static
../Core/Src/LED.c:31:6:LED_Init	8	static
../Core/Src/LED.c:37:6:LED_GreenON	8	static
../Core/Src/LED.c:42:6:LED_RedON	8	static
../Core/Src/LED.c:47:6:LED_GreenOFF	8	static
../Core/Src/LED.c:52:6:LED_RedOFF	8	static
../Core/Src/LED.c:57:6:LED_GreenState	8	static
../Core/Src/LED.c:62:6:LED_RedState	8	static
../Core/Src/LED.c:67:6:LED_Pulse	16	static
../Core/Src/LED.c:77:6:LED_TriPulse	8	static
../Core/Src/LED.c:82:6:LED_nPulse	24	static
