GPIO.inl:16:20:GPIO_Deinit	16	static
GPIO.inl:21:20:GPIO_EnableOutput	24	static
Motor.c:59:6:MOTOR_Init	16	static
Motor.c:75:6:MOTOR_Deinit	8	static
Motor.c:87:6:MOTOR_Stop	8	static
Motor.c:102:6:MOTOR_Update	16	static
Motor.c:112:6:MOTOR_Sleep	8	static
Motor.c:118:6:MOTOR_M1_Sleep	8	static
Motor.c:125:6:MOTOR_M2_Sleep	8	static
Motor.c:133:6:MOTOR_Brake	8	static
Motor.c:139:6:MOTOR_M1_Brake	8	static
Motor.c:146:6:MOTOR_M2_Brake	8	static
Motor.c:153:6:MOTOR_Coast	8	static
Motor.c:159:6:MOTOR_M1_Coast	8	static
Motor.c:166:6:MOTOR_M2_Coast	8	static
Motor.c:173:6:MOTOR_M1_Update	24	static
Motor.c:203:6:MOTOR_M2_Update	24	static
