../STM32X/Lib/GPIO.inl.h:21:20:GPIO_EnableOutput	24	static
../STM32X/Lib/GPIO.inl.h:28:20:GPIO_Set	16	static
../STM32X/Lib/GPIO.inl.h:33:20:GPIO_Reset	16	static
../Core/Src/Servo.c:35:6:SERVO_Init	8	static
../Core/Src/Servo.c:52:6:SERVO_Deinit	8	static
../Core/Src/Servo.c:63:6:SERVO_Update	16	static
../Core/Src/Servo.c:73:6:SERVO_S1_Update	16	static
../Core/Src/Servo.c:78:6:SERVO_S2_Update	16	static
../Core/Src/Servo.c:87:13:SERVO1_TimerReloadISR	8	static
../Core/Src/Servo.c:92:13:SERVO1_TimerPulseISR	8	static
../Core/Src/Servo.c:97:13:SERVO2_TimerReloadISR	8	static
../Core/Src/Servo.c:102:13:SERVO2_TimerPulseISR	8	static
