../STM32X/Lib/Core.inl.h:12:24:CORE_GetTick	8	static
../STM32X/Lib/GPIO.inl.h:11:20:GPIO_EnableInput	24	static
../STM32X/Lib/GPIO.inl.h:38:28:GPIO_Read	16	static
../Core/Src/System.c:63:6:SYSTEM_Init	8	static
../Core/Src/System.c:89:6:SYSTEM_Update	8	static
../Core/Src/System.c:111:6:SYSTEM_HandleFaultStatus	24	static
../Core/Src/System.c:150:6:SYSTEM_HandleCalibration	16	static
../Core/Src/System.c:167:6:SYSTEM_HandleLEDs	16	static
../Core/Src/System.c:200:6:SYSTEM_HandleOutputs	16	static
../Core/Src/System.c:230:6:SYSTEM_UpdateServo	24	static
../Core/Src/System.c:245:6:SYSTEM_UpdateMotors	32	static
../Core/Src/System.c:274:6:SYSTEM_VerifyConfig	8	static
../Core/Src/System.c:297:10:SYSTEM_GetBatteryVoltage	16	static
../Core/Src/System.c:303:9:SYSTEM_RadioToMotor	16	static
../Core/Src/System.c:314:10:SYSTEM_ReverseRadio	16	static
../Core/Src/System.c:322:6:SYSTEM_UpdateCalibration	40	static
../Core/Src/System.c:415:6:SYSTEM_CalibrateSampleChannelZero	24	static
../Core/Src/System.c:431:6:SYSTEM_CalibrateMotorSameDirection	40	static
../Core/Src/System.c:511:6:SYSTEM_CalibrateMotorOppositeDirection	72	static
../Core/Src/System.c:610:6:SYSTEM_CalibrateServoA	24	static
../Core/Src/System.c:651:6:SYSTEM_CalibrateServoB	24	static
../Core/Src/System.c:692:6:SYSTEM_WaitForResetInputs	16	static
../Core/Src/System.c:724:6:SYSTEM_WaitForInput	16	static
