../STM32X/Lib/Core.inl.h:12:24:CORE_GetTick	8	static
../STM32X/Lib/GPIO.inl.h:11:20:GPIO_EnableInput	24	static
../STM32X/Lib/GPIO.inl.h:38:28:GPIO_Read	16	static
../Core/Src/System.c:64:6:SYSTEM_Init	8	static
../Core/Src/System.c:90:6:SYSTEM_Update	8	static
../Core/Src/System.c:112:6:SYSTEM_HandleFaultStatus	24	static
../Core/Src/System.c:158:6:SYSTEM_HandleCalibration	16	static
../Core/Src/System.c:175:6:SYSTEM_HandleLEDs	16	static
../Core/Src/System.c:208:6:SYSTEM_HandleOutputs	16	static
../Core/Src/System.c:238:6:SYSTEM_UpdateServo	24	static
../Core/Src/System.c:253:6:SYSTEM_UpdateMotors	32	static
../Core/Src/System.c:286:6:SYSTEM_VerifyConfig	8	static
../Core/Src/System.c:309:10:SYSTEM_GetBatteryVoltage	16	static
../Core/Src/System.c:315:9:SYSTEM_RadioToMotor	16	static
../Core/Src/System.c:326:10:SYSTEM_ReverseRadio	16	static
../Core/Src/System.c:334:6:SYSTEM_UpdateCalibration	40	static
../Core/Src/System.c:427:6:SYSTEM_CalibrateSampleChannelZero	24	static
../Core/Src/System.c:443:6:SYSTEM_CalibrateMotorSameDirection	40	static
../Core/Src/System.c:523:6:SYSTEM_CalibrateMotorOppositeDirection	72	static
../Core/Src/System.c:622:6:SYSTEM_CalibrateServoA	24	static
../Core/Src/System.c:663:6:SYSTEM_CalibrateServoB	24	static
../Core/Src/System.c:704:6:SYSTEM_WaitForResetInputsAll	16	static
../Core/Src/System.c:735:6:SYSTEM_WaitForResetInputsServo	24	static
../Core/Src/System.c:769:6:SYSTEM_WaitForInput	16	static
