../STM32X/Lib/Core.inl.h:12:24:CORE_GetTick	8	static
../STM32X/Lib/GPIO.inl.h:11:20:GPIO_EnableInput	24	static
../STM32X/Lib/GPIO.inl.h:38:28:GPIO_Read	16	static
../Core/Src/System.c:84:6:SYSTEM_Init	8	static
../Core/Src/System.c:120:6:SYSTEM_Update	8	static
../Core/Src/System.c:150:6:SYSTEM_InitRadio	24	static
../Core/Src/System.c:210:6:SYSTEM_HandleFaultStatus	24	static
../Core/Src/System.c:262:6:SYSTEM_HandleCalibration	16	static
../Core/Src/System.c:292:6:SYSTEM_HandleLEDs	16	static
../Core/Src/System.c:340:6:SYSTEM_HandleOutputs	16	static
../Core/Src/System.c:377:6:SYSTEM_UpdateServo	24	static
../Core/Src/System.c:399:6:SYSTEM_UpdateMotors	32	static
../Core/Src/System.c:439:6:SYSTEM_VerifyConfig	8	static
../Core/Src/System.c:469:10:SYSTEM_GetBatteryVoltage	16	static
../Core/Src/System.c:482:9:SYSTEM_RadioToMotor	16	static
../Core/Src/System.c:500:10:SYSTEM_ReverseRadio	16	static
../Core/Src/System.c:515:6:SYSTEM_InitiateCalibration	16	static
../Core/Src/System.c:567:6:SYSTEM_UpdateCalibration	40	static
../Core/Src/System.c:669:6:SYSTEM_CalibrateMotorSameDirection	32	static
../Core/Src/System.c:755:6:SYSTEM_CalibrateMotorOppositeDirection	64	static
../Core/Src/System.c:848:6:SYSTEM_CalibrateServoA	24	static
../Core/Src/System.c:896:6:SYSTEM_CalibrateServoB	24	static
../Core/Src/System.c:944:6:SYSTEM_WaitForActiveInput	8	static
../Core/Src/System.c:969:6:SYSTEM_WaitForResetInputs	8	static
../Core/Src/System.c:993:6:SYSTEM_WaitForResetInputsServo	16	static
../Core/Src/System.c:1017:10:SYSTEM_CountActiveInputs	24	static
../Core/Src/System.c:1043:10:SYSTEM_CountActiveInputsServo	32	static
