../STM32X/Lib/Core.inl.h:12:24:CORE_GetTick	8	static
../STM32X/Lib/GPIO.inl.h:11:20:GPIO_EnableInput	24	static
../STM32X/Lib/GPIO.inl.h:38:28:GPIO_Read	16	static
../Core/Src/System.c:60:6:SYSTEM_Init	8	static
../Core/Src/System.c:86:6:SYSTEM_Update	8	static
../Core/Src/System.c:108:6:SYSTEM_HandleFaultStatus	24	static
../Core/Src/System.c:138:6:SYSTEM_HandleCalibration	16	static
../Core/Src/System.c:155:6:SYSTEM_HandleLEDs	16	static
../Core/Src/System.c:188:6:SYSTEM_HandleOutputs	16	static
../Core/Src/System.c:220:6:SYSTEM_UpdateServo	16	static
../Core/Src/System.c:235:6:SYSTEM_UpdateMotors	32	static
../Core/Src/System.c:258:6:SYSTEM_VerifyConfig	8	static
../Core/Src/System.c:296:10:SYSTEM_GetBatteryVoltage	16	static
../Core/Src/System.c:303:9:SYSTEM_RadioToMotor	16	static
../Core/Src/System.c:317:6:SYSTEM_ReverseRadio	24	static
../Core/Src/System.c:326:6:SYSTEM_UpdateCalibration	112	static
../Core/Src/System.c:406:6:SYSTEM_CalibrateSampleChannelZero	16	static
../Core/Src/System.c:421:6:SYSTEM_CalibrateMotorSameDirection	40	static
../Core/Src/System.c:496:6:SYSTEM_CalibrateMotorOppositeDirection	144	static
../Core/Src/System.c:592:6:SYSTEM_CalibrateServoA	24	static
../Core/Src/System.c:633:6:SYSTEM_CalibrateServoB	24	static
../Core/Src/System.c:674:6:SYSTEM_WaitForResetInputs	16	static
