../STM32X/Lib/Core.inl.h:12:24:CORE_GetTick	8	static
../STM32X/Lib/GPIO.inl.h:11:20:GPIO_EnableInput	24	static
../STM32X/Lib/GPIO.inl.h:38:28:GPIO_Read	16	static
../Core/Src/System.c:60:6:SYSTEM_Init	8	static
../Core/Src/System.c:86:6:SYSTEM_Update	8	static
../Core/Src/System.c:108:6:SYSTEM_HandleFaultStatus	24	static
../Core/Src/System.c:137:6:SYSTEM_HandleCalibration	16	static
../Core/Src/System.c:154:6:SYSTEM_HandleLEDs	16	static
../Core/Src/System.c:187:6:SYSTEM_HandleOutputs	16	static
../Core/Src/System.c:219:6:SYSTEM_UpdateServo	16	static
../Core/Src/System.c:234:6:SYSTEM_UpdateMotors	32	static
../Core/Src/System.c:257:6:SYSTEM_VerifyConfig	8	static
../Core/Src/System.c:277:10:SYSTEM_GetBatteryVoltage	16	static
../Core/Src/System.c:283:9:SYSTEM_RadioToMotor	16	static
../Core/Src/System.c:297:6:SYSTEM_ReverseRadio	24	static
../Core/Src/System.c:306:6:SYSTEM_UpdateCalibration	48	static
../Core/Src/System.c:386:6:SYSTEM_CalibrateSampleChannelZero	16	static
../Core/Src/System.c:401:6:SYSTEM_CalibrateMotorSameDirection	40	static
../Core/Src/System.c:481:6:SYSTEM_CalibrateMotorOppositeDirection	80	static
../Core/Src/System.c:577:6:SYSTEM_CalibrateServoA	24	static
../Core/Src/System.c:618:6:SYSTEM_CalibrateServoB	24	static
../Core/Src/System.c:659:6:SYSTEM_WaitForResetInputs	16	static
