../STM32X/Lib/Core.inl.h:12:24:CORE_GetTick	8	static
../STM32X/Lib/GPIO.inl.h:11:20:GPIO_EnableInput	24	static
../STM32X/Lib/GPIO.inl.h:38:28:GPIO_Read	16	static
../Core/Src/System.c:67:6:SYSTEM_Init	8	static
../Core/Src/System.c:93:6:SYSTEM_Update	8	static
../Core/Src/System.c:115:6:SYSTEM_HandleRadioConnection	16	static
../Core/Src/System.c:153:6:SYSTEM_HandleFaultStatus	24	static
../Core/Src/System.c:199:6:SYSTEM_HandleCalibration	16	static
../Core/Src/System.c:220:6:SYSTEM_HandleLEDs	16	static
../Core/Src/System.c:253:6:SYSTEM_HandleOutputs	16	static
../Core/Src/System.c:283:6:SYSTEM_UpdateServo	24	static
../Core/Src/System.c:298:6:SYSTEM_UpdateMotors	32	static
../Core/Src/System.c:331:6:SYSTEM_VerifyConfig	8	static
../Core/Src/System.c:354:10:SYSTEM_GetBatteryVoltage	16	static
../Core/Src/System.c:360:9:SYSTEM_RadioToMotor	16	static
../Core/Src/System.c:371:10:SYSTEM_ReverseRadio	16	static
../Core/Src/System.c:379:6:SYSTEM_UpdateCalibration	40	static
../Core/Src/System.c:472:6:SYSTEM_CalibrateSampleChannelZero	24	static
../Core/Src/System.c:488:6:SYSTEM_CalibrateMotorSameDirection	40	static
../Core/Src/System.c:568:6:SYSTEM_CalibrateMotorOppositeDirection	72	static
../Core/Src/System.c:667:6:SYSTEM_CalibrateServoA	24	static
../Core/Src/System.c:708:6:SYSTEM_CalibrateServoB	24	static
../Core/Src/System.c:749:6:SYSTEM_WaitForResetInputsAll	16	static
../Core/Src/System.c:780:6:SYSTEM_WaitForResetInputsServo	24	static
../Core/Src/System.c:814:6:SYSTEM_WaitForInput	16	static
