../STM32X/Lib/Core.inl.h:12:24:CORE_GetTick	8	static
../STM32X/Lib/GPIO.inl.h:11:20:GPIO_EnableInput	24	static
../STM32X/Lib/GPIO.inl.h:38:28:GPIO_Read	16	static
../Core/Src/System.c:68:6:SYSTEM_Init	8	static
../Core/Src/System.c:94:6:SYSTEM_Update	8	static
../Core/Src/System.c:116:6:SYSTEM_HandleRadioConnection	16	static
../Core/Src/System.c:154:6:SYSTEM_HandleFaultStatus	24	static
../Core/Src/System.c:200:6:SYSTEM_HandleCalibration	16	static
../Core/Src/System.c:221:6:SYSTEM_HandleLEDs	16	static
../Core/Src/System.c:254:6:SYSTEM_HandleOutputs	16	static
../Core/Src/System.c:284:6:SYSTEM_UpdateServo	24	static
../Core/Src/System.c:299:6:SYSTEM_UpdateMotors	32	static
../Core/Src/System.c:332:6:SYSTEM_VerifyConfig	8	static
../Core/Src/System.c:355:10:SYSTEM_GetBatteryVoltage	16	static
../Core/Src/System.c:361:9:SYSTEM_RadioToMotor	16	static
../Core/Src/System.c:372:10:SYSTEM_ReverseRadio	16	static
../Core/Src/System.c:380:6:SYSTEM_UpdateCalibration	40	static
../Core/Src/System.c:474:6:SYSTEM_CalibrateRadioDetect	32	static
../Core/Src/System.c:505:6:SYSTEM_CalibrateSampleChannelZero	24	static
../Core/Src/System.c:521:6:SYSTEM_CalibrateMotorSameDirection	40	static
../Core/Src/System.c:601:6:SYSTEM_CalibrateMotorOppositeDirection	72	static
../Core/Src/System.c:700:6:SYSTEM_CalibrateServoA	24	static
../Core/Src/System.c:741:6:SYSTEM_CalibrateServoB	24	static
../Core/Src/System.c:782:6:SYSTEM_WaitForResetInputsAll	16	static
../Core/Src/System.c:813:6:SYSTEM_WaitForResetInputsServo	24	static
../Core/Src/System.c:847:6:SYSTEM_WaitForInput	16	static
