../STM32X/Lib/Core.inl.h:12:24:CORE_GetTick	8	static
../STM32X/Lib/GPIO.inl.h:11:20:GPIO_EnableInput	24	static
../STM32X/Lib/GPIO.inl.h:38:28:GPIO_Read	16	static
../Core/Src/System.c:85:6:SYSTEM_Init	8	static
../Core/Src/System.c:122:6:SYSTEM_Update	8	static
../Core/Src/System.c:152:6:SYSTEM_InitRadio	16	static
../Core/Src/System.c:205:6:SYSTEM_HandleFaultStatus	16	static
../Core/Src/System.c:256:6:SYSTEM_HandleCalibration	16	static
../Core/Src/System.c:286:6:SYSTEM_HandleLEDs	16	static
../Core/Src/System.c:334:6:SYSTEM_HandleOutputs	16	static
../Core/Src/System.c:371:6:SYSTEM_UpdateServo	24	static
../Core/Src/System.c:392:6:SYSTEM_UpdateMotors	32	static
../Core/Src/System.c:431:6:SYSTEM_VerifyConfig	8	static
../Core/Src/System.c:461:10:SYSTEM_GetBatteryVoltage	16	static
../Core/Src/System.c:474:9:SYSTEM_RadioToMotor	16	static
../Core/Src/System.c:492:10:SYSTEM_ReverseRadio	16	static
../Core/Src/System.c:507:6:SYSTEM_InitiateCalibration	16	static
../Core/Src/System.c:558:6:SYSTEM_UpdateCalibration	40	static
../Core/Src/System.c:657:6:SYSTEM_CalibrateMotorSameDirection	32	static
../Core/Src/System.c:740:6:SYSTEM_CalibrateMotorOppositeDirection	64	static
../Core/Src/System.c:830:6:SYSTEM_CalibrateServoA	24	static
../Core/Src/System.c:875:6:SYSTEM_CalibrateServoB	24	static
../Core/Src/System.c:920:6:SYSTEM_WaitForActiveInput	8	static
../Core/Src/System.c:945:6:SYSTEM_WaitForResetInputs	8	static
../Core/Src/System.c:969:6:SYSTEM_WaitForResetInputsServo	16	static
../Core/Src/System.c:993:10:SYSTEM_CountActiveInputs	16	static
../Core/Src/System.c:1018:10:SYSTEM_CountActiveInputsServo	24	static
