Motor.c:56:6:MOTOR_Init	16	static
Motor.c:72:6:MOTOR_Deinit	8	static
Motor.c:84:6:MOTOR_Stop	8	static
Motor.c:90:6:MOTOR_Update	16	static
Motor.c:100:6:MOTOR_Sleep	8	static
Motor.c:106:6:MOTOR_M1_Sleep	8	static
Motor.c:113:6:MOTOR_M2_Sleep	8	static
Motor.c:121:6:MOTOR_Brake	8	static
Motor.c:127:6:MOTOR_M1_Brake	8	static
Motor.c:134:6:MOTOR_M2_Brake	8	static
Motor.c:141:6:MOTOR_Coast	8	static
Motor.c:147:6:MOTOR_M1_Coast	8	static
Motor.c:154:6:MOTOR_M2_Coast	8	static
Motor.c:161:6:MOTOR_M1_Update	24	static
Motor.c:191:6:MOTOR_M2_Update	24	static
