TIM.c:100:6:TIM_Init	32	static
TIM.c:113:6:TIM_SetFreq	24	static
TIM.c:119:6:TIM_SetReload	16	static
TIM.c:125:6:TIM_OnReload	16	static
TIM.c:131:6:TIM_OnPulse	24	static
TIM.c:141:6:TIM_EnablePwm	48	static
TIM.c:157:6:TIM_SetPulse	24	static
TIM.c:177:6:TIM_Start	16	static
TIM.c:183:6:TIM_Stop	16	static
TIM.c:188:6:TIM_Deinit	16	static
TIM.c:199:13:TIM_EnableOCx	24	static
TIM.c:240:13:TIM_Reload	24	static
TIM.c:254:13:TIMx_Init	16	static
TIM.c:324:13:TIMx_Deinit	16	static
TIM.c:399:13:TIM_IRQHandler	24	static
TIM.c:440:6:TIM2_IRQHandler	8	static
TIM.c:452:6:TIM6_IRQHandler	8	static
TIM.c:476:6:TIM21_IRQHandler	8	static
TIM.c:482:6:TIM22_IRQHandler	8	static
