Archive member included to satisfy reference by file (symbol)

c:/st/stm32cubeide_1.6.1/stm32cubeide/plugins/com.st.stm32cube.ide.mcu.externaltools.gnu-tools-for-stm32.9-2020-q2-update.win32_1.5.0.202011040924/tools/bin/../lib/gcc/arm-none-eabi/9.3.1/../../../../arm-none-eabi/lib/thumb/v6-m/nofp\libc_nano.a(lib_a-exit.o)
                              c:/st/stm32cubeide_1.6.1/stm32cubeide/plugins/com.st.stm32cube.ide.mcu.externaltools.gnu-tools-for-stm32.9-2020-q2-update.win32_1.5.0.202011040924/tools/bin/../lib/gcc/arm-none-eabi/9.3.1/../../../../arm-none-eabi/lib/thumb/v6-m/nofp/crt0.o (exit)
c:/st/stm32cubeide_1.6.1/stm32cubeide/plugins/com.st.stm32cube.ide.mcu.externaltools.gnu-tools-for-stm32.9-2020-q2-update.win32_1.5.0.202011040924/tools/bin/../lib/gcc/arm-none-eabi/9.3.1/../../../../arm-none-eabi/lib/thumb/v6-m/nofp\libc_nano.a(lib_a-impure.o)
                              c:/st/stm32cubeide_1.6.1/stm32cubeide/plugins/com.st.stm32cube.ide.mcu.externaltools.gnu-tools-for-stm32.9-2020-q2-update.win32_1.5.0.202011040924/tools/bin/../lib/gcc/arm-none-eabi/9.3.1/../../../../arm-none-eabi/lib/thumb/v6-m/nofp\libc_nano.a(lib_a-exit.o) (_global_impure_ptr)
c:/st/stm32cubeide_1.6.1/stm32cubeide/plugins/com.st.stm32cube.ide.mcu.externaltools.gnu-tools-for-stm32.9-2020-q2-update.win32_1.5.0.202011040924/tools/bin/../lib/gcc/arm-none-eabi/9.3.1/../../../../arm-none-eabi/lib/thumb/v6-m/nofp\libc_nano.a(lib_a-init.o)
                              c:/st/stm32cubeide_1.6.1/stm32cubeide/plugins/com.st.stm32cube.ide.mcu.externaltools.gnu-tools-for-stm32.9-2020-q2-update.win32_1.5.0.202011040924/tools/bin/../lib/gcc/arm-none-eabi/9.3.1/../../../../arm-none-eabi/lib/thumb/v6-m/nofp/crt0.o (__libc_init_array)
c:/st/stm32cubeide_1.6.1/stm32cubeide/plugins/com.st.stm32cube.ide.mcu.externaltools.gnu-tools-for-stm32.9-2020-q2-update.win32_1.5.0.202011040924/tools/bin/../lib/gcc/arm-none-eabi/9.3.1/../../../../arm-none-eabi/lib/thumb/v6-m/nofp\libc_nano.a(lib_a-memcpy-stub.o)
                              STM32X/Lib/EEPROM.o (memcpy)
c:/st/stm32cubeide_1.6.1/stm32cubeide/plugins/com.st.stm32cube.ide.mcu.externaltools.gnu-tools-for-stm32.9-2020-q2-update.win32_1.5.0.202011040924/tools/bin/../lib/gcc/arm-none-eabi/9.3.1/../../../../arm-none-eabi/lib/thumb/v6-m/nofp\libc_nano.a(lib_a-memset.o)
                              c:/st/stm32cubeide_1.6.1/stm32cubeide/plugins/com.st.stm32cube.ide.mcu.externaltools.gnu-tools-for-stm32.9-2020-q2-update.win32_1.5.0.202011040924/tools/bin/../lib/gcc/arm-none-eabi/9.3.1/../../../../arm-none-eabi/lib/thumb/v6-m/nofp/crt0.o (memset)
c:/st/stm32cubeide_1.6.1/stm32cubeide/plugins/com.st.stm32cube.ide.mcu.externaltools.gnu-tools-for-stm32.9-2020-q2-update.win32_1.5.0.202011040924/tools/bin/../lib/gcc/arm-none-eabi/9.3.1/../../../../arm-none-eabi/lib/thumb/v6-m/nofp\libc_nano.a(lib_a-strlen.o)
                              STM32X/Lib/UART.o (strlen)
c:/st/stm32cubeide_1.6.1/stm32cubeide/plugins/com.st.stm32cube.ide.mcu.externaltools.gnu-tools-for-stm32.9-2020-q2-update.win32_1.5.0.202011040924/tools/bin/../lib/gcc/arm-none-eabi/9.3.1/thumb/v6-m/nofp\libgcc.a(_udivsi3.o)
                              Core/Src/system_stm32l0xx.o (__aeabi_uidiv)
c:/st/stm32cubeide_1.6.1/stm32cubeide/plugins/com.st.stm32cube.ide.mcu.externaltools.gnu-tools-for-stm32.9-2020-q2-update.win32_1.5.0.202011040924/tools/bin/../lib/gcc/arm-none-eabi/9.3.1/thumb/v6-m/nofp\libgcc.a(_divsi3.o)
                              STM32X/Lib/ADC.o (__aeabi_idiv)
c:/st/stm32cubeide_1.6.1/stm32cubeide/plugins/com.st.stm32cube.ide.mcu.externaltools.gnu-tools-for-stm32.9-2020-q2-update.win32_1.5.0.202011040924/tools/bin/../lib/gcc/arm-none-eabi/9.3.1/thumb/v6-m/nofp\libgcc.a(_dvmd_tls.o)
                              c:/st/stm32cubeide_1.6.1/stm32cubeide/plugins/com.st.stm32cube.ide.mcu.externaltools.gnu-tools-for-stm32.9-2020-q2-update.win32_1.5.0.202011040924/tools/bin/../lib/gcc/arm-none-eabi/9.3.1/thumb/v6-m/nofp\libgcc.a(_udivsi3.o) (__aeabi_idiv0)
c:/st/stm32cubeide_1.6.1/stm32cubeide/plugins/com.st.stm32cube.ide.mcu.externaltools.gnu-tools-for-stm32.9-2020-q2-update.win32_1.5.0.202011040924/tools/bin/../lib/gcc/arm-none-eabi/9.3.1/thumb/v6-m/nofp\libgcc.a(_aeabi_uldivmod.o)
                              Drivers/STM32L0xx_HAL_Driver/Src/stm32l0xx_hal_rcc.o (__aeabi_uldivmod)
c:/st/stm32cubeide_1.6.1/stm32cubeide/plugins/com.st.stm32cube.ide.mcu.externaltools.gnu-tools-for-stm32.9-2020-q2-update.win32_1.5.0.202011040924/tools/bin/../lib/gcc/arm-none-eabi/9.3.1/thumb/v6-m/nofp\libgcc.a(_muldi3.o)
                              Drivers/STM32L0xx_HAL_Driver/Src/stm32l0xx_hal_rcc.o (__aeabi_lmul)
c:/st/stm32cubeide_1.6.1/stm32cubeide/plugins/com.st.stm32cube.ide.mcu.externaltools.gnu-tools-for-stm32.9-2020-q2-update.win32_1.5.0.202011040924/tools/bin/../lib/gcc/arm-none-eabi/9.3.1/thumb/v6-m/nofp\libgcc.a(_udivmoddi4.o)
[...]
Memory Configuration

Name             Origin             Length             Attributes
RAM              0x0000000020000000 0x0000000000002000 xrw
FLASH            0x0000000008000000 0x0000000000010000 xr
*default*        0x0000000000000000 0xffffffffffffffff

Linker script and memory map

LOAD c:/st/stm32cubeide_1.6.1/stm32cubeide/plugins/com.st.stm32cube.ide.mcu.externaltools.gnu-tools-for-stm32.9-2020-q2-update.win32_1.5.0.202011040924/tools/bin/../lib/gcc/arm-none-eabi/9.3.1/thumb/v6-m/nofp/crti.o
LOAD c:/st/stm32cubeide_1.6.1/stm32cubeide/plugins/com.st.stm32cube.ide.mcu.externaltools.gnu-tools-for-stm32.9-2020-q2-update.win32_1.5.0.202011040924/tools/bin/../lib/gcc/arm-none-eabi/9.3.1/thumb/v6-m/nofp/crtbegin.o
LOAD c:/st/stm32cubeide_1.6.1/stm32cubeide/plugins/com.st.stm32cube.ide.mcu.externaltools.gnu-tools-for-stm32.9-2020-q2-update.win32_1.5.0.202011040924/tools/bin/../lib/gcc/arm-none-eabi/9.3.1/../../../../arm-none-eabi/lib/thumb/v6-m/nofp/crt0.o
LOAD Core/Src/Config.o
LOAD Core/Src/LED.o
LOAD Core/Src/Motor.o
LOAD Core/Src/Radio.o
LOAD Core/Src/Servo.o
LOAD Core/Src/System.o
LOAD Core/Src/main.o
LOAD Core/Src/system_stm32l0xx.o
LOAD Core/Startup/startup_stm32l051k8ux.o
LOAD Drivers/STM32L0xx_HAL_Driver/Src/stm32l0xx_hal.o
LOAD Drivers/STM32L0xx_HAL_Driver/Src/stm32l0xx_hal_adc.o
LOAD Drivers/STM32L0xx_HAL_Driver/Src/stm32l0xx_hal_adc_ex.o
LOAD Drivers/STM32L0xx_HAL_Driver/Src/stm32l0xx_hal_comp.o
LOAD Drivers/STM32L0xx_HAL_Driver/Src/stm32l0xx_hal_comp_ex.o
LOAD Drivers/STM32L0xx_HAL_Driver/Src/stm32l0xx_hal_cortex.o
LOAD Drivers/STM32L0xx_HAL_Driver/Src/stm32l0xx_hal_crc.o
LOAD Drivers/STM32L0xx_HAL_Driver/Src/stm32l0xx_hal_crc_ex.o
LOAD Drivers/STM32L0xx_HAL_Driver/Src/stm32l0xx_hal_cryp.o
LOAD Drivers/STM32L0xx_HAL_Driver/Src/stm32l0xx_hal_cryp_ex.o
LOAD Drivers/STM32L0xx_HAL_Driver/Src/stm32l0xx_hal_dac.o
LOAD Drivers/STM32L0xx_HAL_Driver/Src/stm32l0xx_hal_dac_ex.o
LOAD Drivers/STM32L0xx_HAL_Driver/Src/stm32l0xx_hal_dma.o
LOAD Drivers/STM32L0xx_HAL_Driver/Src/stm32l0xx_hal_exti.o
LOAD Drivers/STM32L0xx_HAL_Driver/Src/stm32l0xx_hal_firewall.o
LOAD Drivers/STM32L0xx_HAL_Driver/Src/stm32l0xx_hal_flash.o
LOAD Drivers/STM32L0xx_HAL_Driver/Src/stm32l0xx_hal_flash_ex.o
LOAD Drivers/STM32L0xx_HAL_Driver/Src/stm32l0xx_hal_flash_ramfunc.o
LOAD Drivers/STM32L0xx_HAL_Driver/Src/stm32l0xx_hal_gpio.o
LOAD Drivers/STM32L0xx_HAL_Driver/Src/stm32l0xx_hal_i2c.o
LOAD Drivers/STM32L0xx_HAL_Driver/Src/stm32l0xx_hal_i2c_ex.o
LOAD Drivers/STM32L0xx_HAL_Driver/Src/stm32l0xx_hal_i2s.o
LOAD Drivers/STM32L0xx_HAL_Driver/Src/stm32l0xx_hal_irda.o
LOAD Drivers/STM32L0xx_HAL_Driver/Src/stm32l0xx_hal_iwdg.o
LOAD Drivers/STM32L0xx_HAL_Driver/Src/stm32l0xx_hal_lcd.o
LOAD Drivers/STM32L0xx_HAL_Driver/Src/stm32l0xx_hal_lptim.o
LOAD Drivers/STM32L0xx_HAL_Driver/Src/stm32l0xx_hal_pcd.o
LOAD Drivers/STM32L0xx_HAL_Driver/Src/stm32l0xx_hal_pcd_ex.o
LOAD Drivers/STM32L0xx_HAL_Driver/Src/stm32l0xx_hal_pwr.o
LOAD Drivers/STM32L0xx_HAL_Driver/Src/stm32l0xx_hal_pwr_ex.o
LOAD Drivers/STM32L0xx_HAL_Driver/Src/stm32l0xx_hal_rcc.o
LOAD Drivers/STM32L0xx_HAL_Driver/Src/stm32l0xx_hal_rcc_ex.o
LOAD Drivers/STM32L0xx_HAL_Driver/Src/stm32l0xx_hal_rng.o
LOAD Drivers/STM32L0xx_HAL_Driver/Src/stm32l0xx_hal_rtc.o
LOAD Drivers/STM32L0xx_HAL_Driver/Src/stm32l0xx_hal_rtc_ex.o
LOAD Drivers/STM32L0xx_HAL_Driver/Src/stm32l0xx_hal_smartcard.o
LOAD Drivers/STM32L0xx_HAL_Driver/Src/stm32l0xx_hal_smartcard_ex.o
LOAD Drivers/STM32L0xx_HAL_Driver/Src/stm32l0xx_hal_smbus.o
LOAD Drivers/STM32L0xx_HAL_Driver/Src/stm32l0xx_hal_smbus_ex.o
LOAD Drivers/STM32L0xx_HAL_Driver/Src/stm32l0xx_hal_spi.o
LOAD Drivers/STM32L0xx_HAL_Driver/Src/stm32l0xx_hal_tim.o
LOAD Drivers/STM32L0xx_HAL_Driver/Src/stm32l0xx_hal_tim_ex.o
LOAD Drivers/STM32L0xx_HAL_Driver/Src/stm32l0xx_hal_tsc.o
LOAD Drivers/STM32L0xx_HAL_Driver/Src/stm32l0xx_hal_uart.o
LOAD Drivers/STM32L0xx_HAL_Driver/Src/stm32l0xx_hal_uart_ex.o
LOAD Drivers/STM32L0xx_HAL_Driver/Src/stm32l0xx_hal_usart.o
LOAD Drivers/STM32L0xx_HAL_Driver/Src/stm32l0xx_hal_wwdg.o
LOAD Drivers/STM32L0xx_HAL_Driver/Src/stm32l0xx_ll_adc.o
LOAD Drivers/STM32L0xx_HAL_Driver/Src/stm32l0xx_ll_comp.o
LOAD Drivers/STM32L0xx_HAL_Driver/Src/stm32l0xx_ll_crc.o
LOAD Drivers/STM32L0xx_HAL_Driver/Src/stm32l0xx_ll_crs.o
LOAD Drivers/STM32L0xx_HAL_Driver/Src/stm32l0xx_ll_dac.o
LOAD Drivers/STM32L0xx_HAL_Driver/Src/stm32l0xx_ll_dma.o
LOAD Drivers/STM32L0xx_HAL_Driver/Src/stm32l0xx_ll_exti.o
LOAD Drivers/STM32L0xx_HAL_Driver/Src/stm32l0xx_ll_gpio.o
LOAD Drivers/STM32L0xx_HAL_Driver/Src/stm32l0xx_ll_i2c.o
LOAD Drivers/STM32L0xx_HAL_Driver/Src/stm32l0xx_ll_lptim.o
LOAD Drivers/STM32L0xx_HAL_Driver/Src/stm32l0xx_ll_lpuart.o
LOAD Drivers/STM32L0xx_HAL_Driver/Src/stm32l0xx_ll_pwr.o
LOAD Drivers/STM32L0xx_HAL_Driver/Src/stm32l0xx_ll_rcc.o
LOAD Drivers/STM32L0xx_HAL_Driver/Src/stm32l0xx_ll_rng.o
LOAD Drivers/STM32L0xx_HAL_Driver/Src/stm32l0xx_ll_rtc.o
LOAD Drivers/STM32L0xx_HAL_Driver/Src/stm32l0xx_ll_spi.o
LOAD Drivers/STM32L0xx_HAL_Driver/Src/stm32l0xx_ll_tim.o
LOAD Drivers/STM32L0xx_HAL_Driver/Src/stm32l0xx_ll_usart.o
LOAD Drivers/STM32L0xx_HAL_Driver/Src/stm32l0xx_ll_usb.o
LOAD Drivers/STM32L0xx_HAL_Driver/Src/stm32l0xx_ll_utils.o
LOAD STM32X/Lib/ADC.o
LOAD STM32X/Lib/CAN.o
LOAD STM32X/Lib/CLK.o
LOAD STM32X/Lib/COMP.o
LOAD STM32X/Lib/CRC.o
LOAD STM32X/Lib/Core.o
LOAD STM32X/Lib/EEPROM.o
LOAD STM32X/Lib/FLASH.o
LOAD STM32X/Lib/GPIO.o
LOAD STM32X/Lib/I2C.o
LOAD STM32X/Lib/RTC.o
LOAD STM32X/Lib/SPI.o
LOAD STM32X/Lib/TIM.o
LOAD STM32X/Lib/UART.o
LOAD STM32X/Lib/US.o
LOAD STM32X/Lib/USB.o
LOAD STM32X/Lib/WDG.o
LOAD STM32X/Lib/usb/USB_CTL.o
LOAD STM32X/Lib/usb/USB_EP.o
LOAD STM32X/Lib/usb/USB_PCD.o
LOAD STM32X/Lib/usb/cdc/USB_CDC.o
LOAD STM32X/Lib/usb/msc/SCSI.o
LOAD STM32X/Lib/usb/msc/USB_MSC.o
START GROUP
LOAD c:/st/stm32cubeide_1.6.1/stm32cubeide/plugins/com.st.stm32cube.ide.mcu.externaltools.gnu-tools-for-stm32.9-2020-q2-update.win32_1.5.0.202011040924/tools/bin/../lib/gcc/arm-none-eabi/9.3.1/../../../../arm-none-eabi/lib/thumb/v6-m/nofp\libc_nano.a
LOAD c:/st/stm32cubeide_1.6.1/stm32cubeide/plugins/com.st.stm32cube.ide.mcu.externaltools.gnu-tools-for-stm32.9-2020-q2-update.win32_1.5.0.202011040924/tools/bin/../lib/gcc/arm-none-eabi/9.3.1/../../../../arm-none-eabi/lib/thumb/v6-m/nofp\libm.a
END GROUP
START GROUP
LOAD c:/st/stm32cubeide_1.6.1/stm32cubeide/plugins/com.st.stm32cube.ide.mcu.externaltools.gnu-tools-for-stm32.9-2020-q2-update.win32_1.5.0.202011040924/tools/bin/../lib/gcc/arm-none-eabi/9.3.1/thumb/v6-m/nofp\libgcc.a
LOAD c:/st/stm32cubeide_1.6.1/stm32cubeide/plugins/com.st.stm32cube.ide.mcu.externaltools.gnu-tools-for-stm32.9-2020-q2-update.win32_1.5.0.202011040924/tools/bin/../lib/gcc/arm-none-eabi/9.3.1/../../../../arm-none-eabi/lib/thumb/v6-m/nofp\libc_nano.a
END GROUP
START GROUP
LOAD c:/st/stm32cubeide_1.6.1/stm32cubeide/plugins/com.st.stm32cube.ide.mcu.externaltools.gnu-tools-for-stm32.9-2020-q2-update.win32_1.5.0.202011040924/tools/bin/../lib/gcc/arm-none-eabi/9.3.1/thumb/v6-m/nofp\libgcc.a
LOAD c:/st/stm32cubeide_1.6.1/stm32cubeide/plugins/com.st.stm32cube.ide.mcu.externaltools.gnu-tools-for-stm32.9-2020-q2-update.win32_1.5.0.202011040924/tools/bin/../lib/gcc/arm-none-eabi/9.3.1/../../../../arm-none-eabi/lib/thumb/v6-m/nofp\libc_nano.a
LOAD c:/st/stm32cubeide_1.6.1/stm32cubeide/plugins/com.st.stm32cube.ide.mcu.externaltools.gnu-tools-for-stm32.9-2020-q2-update.win32_1.5.0.202011040924/tools/bin/../lib/gcc/arm-none-eabi/9.3.1/../../../../arm-none-eabi/lib/thumb/v6-m/nofp\libnosys.a
END GROUP
START GROUP
LOAD c:/st/stm32cubeide_1.6.1/stm32cubeide/plugins/com.st.stm32cube.ide.mcu.externaltools.gnu-tools-for-stm32.9-2020-q2-update.win32_1.5.0.202011040924/tools/bin/../lib/gcc/arm-none-eabi/9.3.1/thumb/v6-m/nofp\libgcc.a
LOAD c:/st/stm32cubeide_1.6.1/stm32cubeide/plugins/com.st.stm32cube.ide.mcu.externaltools.gnu-tools-for-stm32.9-2020-q2-update.win32_1.5.0.202011040924/tools/bin/../lib/gcc/arm-none-eabi/9.3.1/../../../../arm-none-eabi/lib/thumb/v6-m/nofp\libc_nano.a
LOAD c:/st/stm32cubeide_1.6.1/stm32cubeide/plugins/com.st.stm32cube.ide.mcu.externaltools.gnu-tools-for-stm32.9-2020-q2-update.win32_1.5.0.202011040924/tools/bin/../lib/gcc/arm-none-eabi/9.3.1/../../../../arm-none-eabi/lib/thumb/v6-m/nofp\libnosys.a
END GROUP
LOAD c:/st/stm32cubeide_1.6.1/stm32cubeide/plugins/com.st.stm32cube.ide.mcu.externaltools.gnu-tools-for-stm32.9-2020-q2-update.win32_1.5.0.202011040924/tools/bin/../lib/gcc/arm-none-eabi/9.3.1/thumb/v6-m/nofp/crtend.o
LOAD c:/st/stm32cubeide_1.6.1/stm32cubeide/plugins/com.st.stm32cube.ide.mcu.externaltools.gnu-tools-for-stm32.9-2020-q2-update.win32_1.5.0.202011040924/tools/bin/../lib/gcc/arm-none-eabi/9.3.1/thumb/v6-m/nofp/crtn.o
                0x0000000020002000                _estack = (ORIGIN (RAM) + LENGTH (RAM))
                0x0000000000000200                _Min_Heap_Size = 0x200
                0x0000000000000400                _Min_Stack_Size = 0x400

.isr_vector     0x0000000008000000       0xc0
                0x0000000008000000                . = ALIGN (0x4)
 *(.isr_vector)
 .isr_vector    0x0000000008000000       0xc0 Core/Startup/startup_stm32l051k8ux.o
                0x0000000008000000                g_pfnVectors
                0x00000000080000c0                . = ALIGN (0x4)

.text           0x00000000080000c0     0x252c
                0x00000000080000c0                . = ALIGN (0x4)
 *(.text)
 .text          0x00000000080000c0       0x48 c:/st/stm32cubeide_1.6.1/stm32cubeide/plugins/com.st.stm32cube.ide.mcu.externaltools.gnu-tools-for-stm32.9-2020-q2-update.win32_1.5.0.202011040924/tools/bin/../lib/gcc/arm-none-eabi/9.3.1/thumb/v6-m/nofp/crtbegin.o
 .text          0x0000000008000108      0x114 c:/st/stm32cubeide_1.6.1/stm32cubeide/plugins/com.st.stm32cube.ide.mcu.externaltools.gnu-tools-for-stm32.9-2020-q2-update.win32_1.5.0.202011040924/tools/bin/../lib/gcc/arm-none-eabi/9.3.1/thumb/v6-m/nofp\libgcc.a(_udivsi3.o)
                0x0000000008000108                __aeabi_uidiv
                0x0000000008000108                __udivsi3
                0x0000000008000214                __aeabi_uidivmod
 .text          0x000000000800021c      0x1d4 c:/st/stm32cubeide_1.6.1/stm32cubeide/plugins/com.st.stm32cube.ide.mcu.externaltools.gnu-tools-for-stm32.9-2020-q2-update.win32_1.5.0.202011040924/tools/bin/../lib/gcc/arm-none-eabi/9.3.1/thumb/v6-m/nofp\libgcc.a(_divsi3.o)
                0x000000000800021c                __divsi3
                0x000000000800021c                __aeabi_idiv
                0x00000000080003e8                __aeabi_idivmod
 .text          0x00000000080003f0        0x4 c:/st/stm32cubeide_1.6.1/stm32cubeide/plugins/com.st.stm32cube.ide.mcu.externaltools.gnu-tools-for-stm32.9-2020-q2-update.win32_1.5.0.202011040924/tools/bin/../lib/gcc/arm-none-eabi/9.3.1/thumb/v6-m/nofp\libgcc.a(_dvmd_tls.o)
                0x00000000080003f0                __aeabi_idiv0
                0x00000000080003f0                __aeabi_ldiv0
 *(.text*)
 .text.GPIO_EnableInput
                0x00000000080003f4       0x26 Core/Src/Config.o
 .text.GPIO_Deinit
                0x000000000800041a       0x1e Core/Src/Config.o
 .text.GPIO_Read
                0x0000000008000438       0x20 Core/Src/Config.o
 .text.CONFIG_Init
                0x0000000008000458       0x60 Core/Src/Config.o
                0x0000000008000458                CONFIG_Init
 .text.CONFIG_Set
                0x00000000080004b8        0xa Core/Src/Config.o
                0x00000000080004b8                CONFIG_Set
 .text.GPIO_EnableOutput
                0x00000000080004c2       0x30 Core/Src/LED.o
 .text.GPIO_Read
                0x00000000080004f2       0x20 Core/Src/LED.o
 *fill*         0x0000000008000512        0x2 
 .text.LED_Init
                0x0000000008000514       0x2c Core/Src/LED.o
                0x0000000008000514                LED_Init
 .text.LED_GreenON
                0x0000000008000540       0x1c Core/Src/LED.o
                0x0000000008000540                LED_GreenON
 .text.LED_RedON
                0x000000000800055c       0x18 Core/Src/LED.o
                0x000000000800055c                LED_RedON
 .text.LED_GreenOFF
                0x0000000008000574       0x1c Core/Src/LED.o
                0x0000000008000574                LED_GreenOFF
 .text.LED_RedOFF
                0x0000000008000590       0x18 Core/Src/LED.o
                0x0000000008000590                LED_RedOFF
 .text.LED_GreenState
                0x00000000080005a8       0x20 Core/Src/LED.o
                0x00000000080005a8                LED_GreenState
 .text.GPIO_EnableOutput
                0x00000000080005c8       0x30 Core/Src/Motor.o
 .text.MOTOR_Init
                0x00000000080005f8       0xa4 Core/Src/Motor.o
                0x00000000080005f8                MOTOR_Init
 .text.MOTOR_Stop
                0x000000000800069c       0x16 Core/Src/Motor.o
                0x000000000800069c                MOTOR_Stop
 .text.MOTOR_Update
                0x00000000080006b2       0x22 Core/Src/Motor.o
                0x00000000080006b2                MOTOR_Update
 .text.MOTOR_M1_Brake
                0x00000000080006d4       0x3c Core/Src/Motor.o
                0x00000000080006d4                MOTOR_M1_Brake
 .text.MOTOR_M2_Brake
                0x0000000008000710       0x3c Core/Src/Motor.o
                0x0000000008000710                MOTOR_M2_Brake
 .text.MOTOR_M1_Update
                0x000000000800074c       0x90 Core/Src/Motor.o
                0x000000000800074c                MOTOR_M1_Update
 .text.MOTOR_M2_Update
                0x00000000080007dc       0x90 Core/Src/Motor.o
                0x00000000080007dc                MOTOR_M2_Update
 .text.GPIO_Read
                0x000000000800086c       0x20 Core/Src/Radio.o
 .text.TIM_Read
                0x000000000800088c       0x16 Core/Src/Radio.o
 *fill*         0x00000000080008a2        0x2 
 .text.CORE_GetTick
                0x00000000080008a4       0x14 Core/Src/Radio.o
 .text.RADIO_Init
                0x00000000080008b8       0x80 Core/Src/Radio.o
                0x00000000080008b8                RADIO_Init
 .text.RADIO_SPWM1_IRQ
                0x0000000008000938       0x8c Core/Src/Radio.o
                0x0000000008000938                RADIO_SPWM1_IRQ
 .text.RADIO_SPWM2_IRQ
                0x00000000080009c4       0x8c Core/Src/Radio.o
                0x00000000080009c4                RADIO_SPWM2_IRQ
 .text.RADIO_SPWM3_IRQ
                0x0000000008000a50       0x8c Core/Src/Radio.o
                0x0000000008000a50                RADIO_SPWM3_IRQ
 .text.RADIO_SPWM4_IRQ
                0x0000000008000adc       0x90 Core/Src/Radio.o
                0x0000000008000adc                RADIO_SPWM4_IRQ
 .text.GPIO_EnableOutput
                0x0000000008000b6c       0x30 Core/Src/Servo.o
 .text.GPIO_Set
                0x0000000008000b9c       0x18 Core/Src/Servo.o
 .text.GPIO_Reset
                0x0000000008000bb4       0x18 Core/Src/Servo.o
 .text.SERVO_Init
                0x0000000008000bcc       0xc0 Core/Src/Servo.o
                0x0000000008000bcc                SERVO_Init
 .text.SERVO_Update
                0x0000000008000c8c       0x2e Core/Src/Servo.o
                0x0000000008000c8c                SERVO_Update
 *fill*         0x0000000008000cba        0x2 
 .text.SERVO_S1_Update
                0x0000000008000cbc       0x54 Core/Src/Servo.o
                0x0000000008000cbc                SERVO_S1_Update
 .text.SERVO_S2_Update
                0x0000000008000d10       0x54 Core/Src/Servo.o
                0x0000000008000d10                SERVO_S2_Update
 .text.SERVO1_TimerReloadISR
                0x0000000008000d64       0x16 Core/Src/Servo.o
 .text.SERVO1_TimerPulseISR
                0x0000000008000d7a       0x16 Core/Src/Servo.o
 .text.SERVO2_TimerReloadISR
                0x0000000008000d90       0x1c Core/Src/Servo.o
 .text.SERVO2_TimerPulseISR
                0x0000000008000dac       0x1c Core/Src/Servo.o
 .text.CORE_GetTick
                0x0000000008000dc8       0x14 Core/Src/System.o
 .text.SYSTEM_Init
                0x0000000008000ddc       0xb4 Core/Src/System.o
                0x0000000008000ddc                SYSTEM_Init
 .text.SYSTEM_Update
                0x0000000008000e90      0x208 Core/Src/System.o
                0x0000000008000e90                SYSTEM_Update
 .text.main     0x0000000008001098       0x6c Core/Src/main.o
                0x0000000008001098                main
 .text.SystemInit
                0x0000000008001104        0xa Core/Src/system_stm32l0xx.o
                0x0000000008001104                SystemInit
 *fill*         0x000000000800110e        0x2 
 .text.Reset_Handler
                0x0000000008001110       0x50 Core/Startup/startup_stm32l051k8ux.o
                0x0000000008001110                Reset_Handler
 .text.Default_Handler
                0x0000000008001160        0x2 Core/Startup/startup_stm32l051k8ux.o
                0x0000000008001160                HardFault_Handler
                0x0000000008001160                ADC1_COMP_IRQHandler
                0x0000000008001160                PVD_IRQHandler
                0x0000000008001160                PendSV_Handler
                0x0000000008001160                NMI_Handler
                0x0000000008001160                I2C1_IRQHandler
                0x0000000008001160                SPI1_IRQHandler
                0x0000000008001160                EXTI2_3_IRQHandler
                0x0000000008001160                I2C2_IRQHandler
                0x0000000008001160                RTC_IRQHandler
                0x0000000008001160                DMA1_Channel4_5_6_7_IRQHandler
                0x0000000008001160                EXTI4_15_IRQHandler
                0x0000000008001160                RCC_IRQHandler
                0x0000000008001160                DMA1_Channel1_IRQHandler
                0x0000000008001160                Default_Handler
                0x0000000008001160                EXTI0_1_IRQHandler
                0x0000000008001160                SPI2_IRQHandler
                0x0000000008001160                SVC_Handler
                0x0000000008001160                WWDG_IRQHandler
                0x0000000008001160                LPUART1_IRQHandler
                0x0000000008001160                DMA1_Channel2_3_IRQHandler
                0x0000000008001160                USART2_IRQHandler
                0x0000000008001160                FLASH_IRQHandler
                0x0000000008001160                LPTIM1_IRQHandler
 *fill*         0x0000000008001162        0x2 
 .text.HAL_ADC_Init
                0x0000000008001164      0x2e8 Drivers/STM32L0xx_HAL_Driver/Src/stm32l0xx_hal_adc.o
                0x0000000008001164                HAL_ADC_Init
 .text.HAL_ADC_MspInit
                0x000000000800144c       0x10 Drivers/STM32L0xx_HAL_Driver/Src/stm32l0xx_hal_adc.o
                0x000000000800144c                HAL_ADC_MspInit
 .text.__NVIC_EnableIRQ
                0x000000000800145c       0x34 Drivers/STM32L0xx_HAL_Driver/Src/stm32l0xx_hal_cortex.o
 .text.__NVIC_SetPriority
                0x0000000008001490       0xdc Drivers/STM32L0xx_HAL_Driver/Src/stm32l0xx_hal_cortex.o
 .text.SysTick_Config
                0x000000000800156c       0x48 Drivers/STM32L0xx_HAL_Driver/Src/stm32l0xx_hal_cortex.o
 .text.HAL_NVIC_SetPriority
                0x00000000080015b4       0x2a Drivers/STM32L0xx_HAL_Driver/Src/stm32l0xx_hal_cortex.o
                0x00000000080015b4                HAL_NVIC_SetPriority
 .text.HAL_NVIC_EnableIRQ
                0x00000000080015de       0x20 Drivers/STM32L0xx_HAL_Driver/Src/stm32l0xx_hal_cortex.o
                0x00000000080015de                HAL_NVIC_EnableIRQ
 .text.HAL_SYSTICK_Config
                0x00000000080015fe       0x1a Drivers/STM32L0xx_HAL_Driver/Src/stm32l0xx_hal_cortex.o
                0x00000000080015fe                HAL_SYSTICK_Config
 .text.ADC_Init
                0x0000000008001618       0xbc STM32X/Lib/ADC.o
                0x0000000008001618                ADC_Init
 .text.ADC_Read
                0x00000000080016d4       0x44 STM32X/Lib/ADC.o
                0x00000000080016d4                ADC_Read
 .text.AIN_AinToDivider
                0x0000000008001718       0x30 STM32X/Lib/ADC.o
                0x0000000008001718                AIN_AinToDivider
 .text.AIN_AinToMv
                0x0000000008001748       0x28 STM32X/Lib/ADC.o
                0x0000000008001748                AIN_AinToMv
 .text.ADC_ReadDieTemp
                0x0000000008001770       0x88 STM32X/Lib/ADC.o
                0x0000000008001770                ADC_ReadDieTemp
 .text.ADC_WaitForFlag
                0x00000000080017f8       0x24 STM32X/Lib/ADC.o
 .text.ADC_Calibrate
                0x000000000800181c       0x30 STM32X/Lib/ADC.o
 .text.CLK_InitSYSCLK
                0x000000000800184c       0xf8 STM32X/Lib/CLK.o
                0x000000000800184c                CLK_InitSYSCLK
 .text.CLK_EnableADCCLK
                0x0000000008001944        0xa STM32X/Lib/CLK.o
                0x0000000008001944                CLK_EnableADCCLK
 *fill*         0x000000000800194e        0x2 
 .text.CORE_GetTick
                0x0000000008001950       0x14 STM32X/Lib/Core.o
 .text.GPIO_Deinit
                0x0000000008001964       0x1e STM32X/Lib/Core.o
 *fill*         0x0000000008001982        0x2 
 .text.CLK_GetHCLKFreq
                0x0000000008001984       0x10 STM32X/Lib/Core.o
 .text.CORE_Init
                0x0000000008001994       0x6c STM32X/Lib/Core.o
                0x0000000008001994                CORE_Init
 .text.CORE_Idle
                0x0000000008001a00        0xc STM32X/Lib/Core.o
                0x0000000008001a00                CORE_Idle
 .text.CORE_Delay
                0x0000000008001a0c       0x36 STM32X/Lib/Core.o
                0x0000000008001a0c                CORE_Delay
 .text.CORE_InitSysTick
                0x0000000008001a42       0x30 STM32X/Lib/Core.o
 *fill*         0x0000000008001a72        0x2 
 .text.CORE_InitGPIO
                0x0000000008001a74       0xb8 STM32X/Lib/Core.o
 .text.SysTick_Handler
                0x0000000008001b2c       0x18 STM32X/Lib/Core.o
                0x0000000008001b2c                SysTick_Handler
 .text.EEPROM_Read
                0x0000000008001b44       0x30 STM32X/Lib/EEPROM.o
                0x0000000008001b44                EEPROM_Read
 .text.GPIO_Set
                0x0000000008001b74       0x18 STM32X/Lib/GPIO.o
 .text.GPIO_Reset
                0x0000000008001b8c       0x18 STM32X/Lib/GPIO.o
 .text.GPIO_Write
                0x0000000008001ba4       0x38 STM32X/Lib/GPIO.o
                0x0000000008001ba4                GPIO_Write
 .text.GPIO_EnableAlternate
                0x0000000008001bdc       0x3c STM32X/Lib/GPIO.o
                0x0000000008001bdc                GPIO_EnableAlternate
 .text.GPIO_OnChange
                0x0000000008001c18       0x58 STM32X/Lib/GPIO.o
                0x0000000008001c18                GPIO_OnChange
 .text.GPIO_Init
                0x0000000008001c70       0xde STM32X/Lib/GPIO.o
                0x0000000008001c70                GPIO_Init
 .text.GPIO_ConfigAlternate
                0x0000000008001d4e       0x70 STM32X/Lib/GPIO.o
 *fill*         0x0000000008001dbe        0x2 
 .text.GPIO_ConfigInterrupt
                0x0000000008001dc0      0x12c STM32X/Lib/GPIO.o
 .text.GPIO_SWARBitDouble
                0x0000000008001eec       0x78 STM32X/Lib/GPIO.o
 .text.EXTIx_EnableIRQn
                0x0000000008001f64       0x32 STM32X/Lib/GPIO.o
 *fill*         0x0000000008001f96        0x2 
 .text.CLK_GetPCLKFreq
                0x0000000008001f98       0x10 STM32X/Lib/TIM.o
 .text.TIM_Init
                0x0000000008001fa8       0x58 STM32X/Lib/TIM.o
                0x0000000008001fa8                TIM_Init
 .text.TIM_SetFreq
                0x0000000008002000       0x2e STM32X/Lib/TIM.o
                0x0000000008002000                TIM_SetFreq
 .text.TIM_SetReload
                0x000000000800202e       0x1a STM32X/Lib/TIM.o
                0x000000000800202e                TIM_SetReload
 .text.TIM_OnReload
                0x0000000008002048       0x28 STM32X/Lib/TIM.o
                0x0000000008002048                TIM_OnReload
 .text.TIM_OnPulse
                0x0000000008002070       0x4e STM32X/Lib/TIM.o
                0x0000000008002070                TIM_OnPulse
 .text.TIM_EnablePwm
                0x00000000080020be       0x36 STM32X/Lib/TIM.o
                0x00000000080020be                TIM_EnablePwm
 .text.TIM_SetPulse
                0x00000000080020f4       0x5c STM32X/Lib/TIM.o
                0x00000000080020f4                TIM_SetPulse
 .text.TIM_Start
                0x0000000008002150       0x28 STM32X/Lib/TIM.o
                0x0000000008002150                TIM_Start
 .text.TIM_EnableOCx
                0x0000000008002178      0x11c STM32X/Lib/TIM.o
 .text.TIM_Reload
                0x0000000008002294       0x3a STM32X/Lib/TIM.o
 *fill*         0x00000000080022ce        0x2 
 .text.TIMx_Init
                0x00000000080022d0       0x94 STM32X/Lib/TIM.o
 .text.TIM_IRQHandler
                0x0000000008002364       0x98 STM32X/Lib/TIM.o
 .text.TIM2_IRQHandler
                0x00000000080023fc       0x18 STM32X/Lib/TIM.o
                0x00000000080023fc                TIM2_IRQHandler
 .text.TIM6_IRQHandler
                0x0000000008002414       0x18 STM32X/Lib/TIM.o
                0x0000000008002414                TIM6_IRQHandler
 .text.TIM21_IRQHandler
                0x000000000800242c       0x18 STM32X/Lib/TIM.o
                0x000000000800242c                TIM21_IRQHandler
 .text.TIM22_IRQHandler
                0x0000000008002444       0x18 STM32X/Lib/TIM.o
                0x0000000008002444                TIM22_IRQHandler
 .text.UART_IRQHandler
                0x000000000800245c      0x102 STM32X/Lib/UART.o
                0x000000000800245c                UART_IRQHandler
 *fill*         0x000000000800255e        0x2 
 .text.USART1_IRQHandler
                0x0000000008002560       0x18 STM32X/Lib/UART.o
                0x0000000008002560                USART1_IRQHandler
 .text.__libc_init_array
                0x0000000008002578       0x48 c:/st/stm32cubeide_1.6.1/stm32cubeide/plugins/com.st.stm32cube.ide.mcu.externaltools.gnu-tools-for-stm32.9-2020-q2-update.win32_1.5.0.202011040924/tools/bin/../lib/gcc/arm-none-eabi/9.3.1/../../../../arm-none-eabi/lib/thumb/v6-m/nofp\libc_nano.a(lib_a-init.o)
                0x0000000008002578                __libc_init_array
 .text.memcpy   0x00000000080025c0       0x12 c:/st/stm32cubeide_1.6.1/stm32cubeide/plugins/com.st.stm32cube.ide.mcu.externaltools.gnu-tools-for-stm32.9-2020-q2-update.win32_1.5.0.202011040924/tools/bin/../lib/gcc/arm-none-eabi/9.3.1/../../../../arm-none-eabi/lib/thumb/v6-m/nofp\libc_nano.a(lib_a-memcpy-stub.o)
                0x00000000080025c0                memcpy
 *(.glue_7)
 .glue_7        0x00000000080025d2        0x0 linker stubs
 *(.glue_7t)
 .glue_7t       0x00000000080025d2        0x0 linker stubs
 *(.eh_frame)
 *fill*         0x00000000080025d2        0x2 
 .eh_frame      0x00000000080025d4        0x0 c:/st/stm32cubeide_1.6.1/stm32cubeide/plugins/com.st.stm32cube.ide.mcu.externaltools.gnu-tools-for-stm32.9-2020-q2-update.win32_1.5.0.202011040924/tools/bin/../lib/gcc/arm-none-eabi/9.3.1/thumb/v6-m/nofp/crtbegin.o
 *(.init)
 .init          0x00000000080025d4        0x4 c:/st/stm32cubeide_1.6.1/stm32cubeide/plugins/com.st.stm32cube.ide.mcu.externaltools.gnu-tools-for-stm32.9-2020-q2-update.win32_1.5.0.202011040924/tools/bin/../lib/gcc/arm-none-eabi/9.3.1/thumb/v6-m/nofp/crti.o
                0x00000000080025d4                _init
 .init          0x00000000080025d8        0x8 c:/st/stm32cubeide_1.6.1/stm32cubeide/plugins/com.st.stm32cube.ide.mcu.externaltools.gnu-tools-for-stm32.9-2020-q2-update.win32_1.5.0.202011040924/tools/bin/../lib/gcc/arm-none-eabi/9.3.1/thumb/v6-m/nofp/crtn.o
 *(.fini)
 .fini          0x00000000080025e0        0x4 c:/st/stm32cubeide_1.6.1/stm32cubeide/plugins/com.st.stm32cube.ide.mcu.externaltools.gnu-tools-for-stm32.9-2020-q2-update.win32_1.5.0.202011040924/tools/bin/../lib/gcc/arm-none-eabi/9.3.1/thumb/v6-m/nofp/crti.o
                0x00000000080025e0                _fini
 .fini          0x00000000080025e4        0x8 c:/st/stm32cubeide_1.6.1/stm32cubeide/plugins/com.st.stm32cube.ide.mcu.externaltools.gnu-tools-for-stm32.9-2020-q2-update.win32_1.5.0.202011040924/tools/bin/../lib/gcc/arm-none-eabi/9.3.1/thumb/v6-m/nofp/crtn.o
                0x00000000080025ec                . = ALIGN (0x4)
                0x00000000080025ec                _etext = .

.vfp11_veneer   0x00000000080025ec        0x0
 .vfp11_veneer  0x00000000080025ec        0x0 linker stubs

.v4_bx          0x00000000080025ec        0x0
 .v4_bx         0x00000000080025ec        0x0 linker stubs

.iplt           0x00000000080025ec        0x0
 .iplt          0x00000000080025ec        0x0 c:/st/stm32cubeide_1.6.1/stm32cubeide/plugins/com.st.stm32cube.ide.mcu.externaltools.gnu-tools-for-stm32.9-2020-q2-update.win32_1.5.0.202011040924/tools/bin/../lib/gcc/arm-none-eabi/9.3.1/thumb/v6-m/nofp/crtbegin.o

.rel.dyn        0x00000000080025ec        0x0
 .rel.iplt      0x00000000080025ec        0x0 c:/st/stm32cubeide_1.6.1/stm32cubeide/plugins/com.st.stm32cube.ide.mcu.externaltools.gnu-tools-for-stm32.9-2020-q2-update.win32_1.5.0.202011040924/tools/bin/../lib/gcc/arm-none-eabi/9.3.1/thumb/v6-m/nofp/crtbegin.o

.rodata         0x00000000080025ec        0x0
                0x00000000080025ec                . = ALIGN (0x4)
 *(.rodata)
 *(.rodata*)
                0x00000000080025ec                . = ALIGN (0x4)

.ARM.extab      0x00000000080025ec        0x0
                0x00000000080025ec                . = ALIGN (0x4)
 *(.ARM.extab* .gnu.linkonce.armextab.*)
                0x00000000080025ec                . = ALIGN (0x4)

.ARM            0x00000000080025ec        0x0
                0x00000000080025ec                . = ALIGN (0x4)
                0x00000000080025ec                __exidx_start = .
 *(.ARM.exidx*)
                0x00000000080025ec                __exidx_end = .
                0x00000000080025ec                . = ALIGN (0x4)

.preinit_array  0x00000000080025ec        0x0
                0x00000000080025ec                . = ALIGN (0x4)
                0x00000000080025ec                PROVIDE (__preinit_array_start = .)
 *(.preinit_array*)
                0x00000000080025ec                PROVIDE (__preinit_array_end = .)
                0x00000000080025ec                . = ALIGN (0x4)

.init_array     0x00000000080025ec        0x4
                0x00000000080025ec                . = ALIGN (0x4)
                0x00000000080025ec                PROVIDE (__init_array_start = .)
 *(SORT_BY_NAME(.init_array.*))
 *(.init_array*)
 .init_array    0x00000000080025ec        0x4 c:/st/stm32cubeide_1.6.1/stm32cubeide/plugins/com.st.stm32cube.ide.mcu.externaltools.gnu-tools-for-stm32.9-2020-q2-update.win32_1.5.0.202011040924/tools/bin/../lib/gcc/arm-none-eabi/9.3.1/thumb/v6-m/nofp/crtbegin.o
                0x00000000080025f0                PROVIDE (__init_array_end = .)
                0x00000000080025f0                . = ALIGN (0x4)

.fini_array     0x00000000080025f0        0x4
                0x00000000080025f0                . = ALIGN (0x4)
                [!provide]                        PROVIDE (__fini_array_start = .)
 *(SORT_BY_NAME(.fini_array.*))
 *(.fini_array*)
 .fini_array    0x00000000080025f0        0x4 c:/st/stm32cubeide_1.6.1/stm32cubeide/plugins/com.st.stm32cube.ide.mcu.externaltools.gnu-tools-for-stm32.9-2020-q2-update.win32_1.5.0.202011040924/tools/bin/../lib/gcc/arm-none-eabi/9.3.1/thumb/v6-m/nofp/crtbegin.o
                [!provide]                        PROVIDE (__fini_array_end = .)
                0x00000000080025f4                . = ALIGN (0x4)
                0x00000000080025f4                _sidata = LOADADDR (.data)

.data           0x0000000020000000      0x190 load address 0x00000000080025f4
                0x0000000020000000                . = ALIGN (0x4)
                0x0000000020000000                _sdata = .
 *(.data)
 *(.data*)
 .data.inputS1  0x0000000020000000        0x2 Core/Src/Radio.o
                0x0000000020000000                inputS1
 .data.inputS2  0x0000000020000002        0x2 Core/Src/Radio.o
                0x0000000020000002                inputS2
 .data.inputS3  0x0000000020000004        0x2 Core/Src/Radio.o
                0x0000000020000004                inputS3
 .data.inputS4  0x0000000020000006        0x2 Core/Src/Radio.o
                0x0000000020000006                inputS4
 .data.gTIM_2   0x0000000020000008       0x18 STM32X/Lib/TIM.o
 .data.TIM_2    0x0000000020000020        0x4 STM32X/Lib/TIM.o
                0x0000000020000020                TIM_2
 .data.gTIM_6   0x0000000020000024       0x18 STM32X/Lib/TIM.o
 .data.TIM_6    0x000000002000003c        0x4 STM32X/Lib/TIM.o
                0x000000002000003c                TIM_6
 .data.gTIM_21  0x0000000020000040       0x18 STM32X/Lib/TIM.o
 .data.TIM_21   0x0000000020000058        0x4 STM32X/Lib/TIM.o
                0x0000000020000058                TIM_21
 .data.gTIM_22  0x000000002000005c       0x18 STM32X/Lib/TIM.o
 .data.TIM_22   0x0000000020000074        0x4 STM32X/Lib/TIM.o
                0x0000000020000074                TIM_22
 .data.gUART_1  0x0000000020000078      0x114 STM32X/Lib/UART.o
 .data.UART_1   0x000000002000018c        0x4 STM32X/Lib/UART.o
                0x000000002000018c                UART_1
 *(.RamFunc)
 *(.RamFunc*)
                0x0000000020000190                . = ALIGN (0x4)
                0x0000000020000190                _edata = .

.igot.plt       0x0000000020000190        0x0 load address 0x0000000008002784
 .igot.plt      0x0000000020000190        0x0 c:/st/stm32cubeide_1.6.1/stm32cubeide/plugins/com.st.stm32cube.ide.mcu.externaltools.gnu-tools-for-stm32.9-2020-q2-update.win32_1.5.0.202011040924/tools/bin/../lib/gcc/arm-none-eabi/9.3.1/thumb/v6-m/nofp/crtbegin.o
                0x0000000020000190                . = ALIGN (0x4)

.bss            0x0000000020000190       0xe4 load address 0x0000000008002784
                0x0000000020000190                _sbss = .
                0x0000000020000190                __bss_start__ = _sbss
 *(.bss)
 .bss           0x0000000020000190       0x1c c:/st/stm32cubeide_1.6.1/stm32cubeide/plugins/com.st.stm32cube.ide.mcu.externaltools.gnu-tools-for-stm32.9-2020-q2-update.win32_1.5.0.202011040924/tools/bin/../lib/gcc/arm-none-eabi/9.3.1/thumb/v6-m/nofp/crtbegin.o
 *(.bss*)
 .bss.configSetFlag
                0x00000000200001ac        0x1 Core/Src/Config.o
                0x00000000200001ac                configSetFlag
 *fill*         0x00000000200001ad        0x3 
 .bss.inputHeartbeat
                0x00000000200001b0        0x4 Core/Src/Radio.o
                0x00000000200001b0                inputHeartbeat
 .bss.tick.6934
                0x00000000200001b4        0x2 Core/Src/Radio.o
 .bss.tick.6940
                0x00000000200001b6        0x2 Core/Src/Radio.o
 .bss.tick.6946
                0x00000000200001b8        0x2 Core/Src/Radio.o
 .bss.tick.6952
                0x00000000200001ba        0x2 Core/Src/Radio.o
 .bss.tick.6943
                0x00000000200001bc        0x4 Core/Src/System.o
 .bss.gAdc      0x00000000200001c0       0x5c STM32X/Lib/ADC.o
 .bss.gTicks    0x000000002000021c        0x4 STM32X/Lib/Core.o
                0x000000002000021c                gTicks
 .bss.gCallback
                0x0000000020000220       0x40 STM32X/Lib/GPIO.o
                0x0000000020000220                gCallback
 *(COMMON)
 COMMON         0x0000000020000260        0x4 Core/Src/Config.o
                0x0000000020000260                config
 COMMON         0x0000000020000264        0xd Core/Src/System.o
                0x0000000020000264                battery_warn
                0x0000000020000268                battery_fault
                0x000000002000026c                status
                0x0000000020000274                . = ALIGN (0x4)
 *fill*         0x0000000020000271        0x3 
                0x0000000020000274                _ebss = .
                0x0000000020000274                __bss_end__ = _ebss

._user_heap_stack
                0x0000000020000274      0x604 load address 0x0000000008002784
                0x0000000020000278                . = ALIGN (0x8)
 *fill*         0x0000000020000274        0x4 
                [!provide]                        PROVIDE (end = .)
                [!provide]                        PROVIDE (_end = .)
                0x0000000020000478                . = (. + _Min_Heap_Size)
 *fill*         0x0000000020000278      0x200 
                0x0000000020000878                . = (. + _Min_Stack_Size)
 *fill*         0x0000000020000478      0x400 
                0x0000000020000878                . = ALIGN (0x8)

/DISCARD/
 libc.a(*)
 libm.a(*)
 libgcc.a(*)

.ARM.attributes
                0x0000000000000000       0x28
 *(.ARM.attributes)
 .ARM.attributes
                0x0000000000000000       0x1e c:/st/stm32cubeide_1.6.1/stm32cubeide/plugins/com.st.stm32cube.ide.mcu.externaltools.gnu-tools-for-stm32.9-2020-q2-update.win32_1.5.0.202011040924/tools/bin/../lib/gcc/arm-none-eabi/9.3.1/thumb/v6-m/nofp/crti.o
 .ARM.attributes
                0x000000000000001e       0x2c c:/st/stm32cubeide_1.6.1/stm32cubeide/plugins/com.st.stm32cube.ide.mcu.externaltools.gnu-tools-for-stm32.9-2020-q2-update.win32_1.5.0.202011040924/tools/bin/../lib/gcc/arm-none-eabi/9.3.1/thumb/v6-m/nofp/crtbegin.o
 .ARM.attributes
                0x000000000000004a       0x2c Core/Src/Config.o
 .ARM.attributes
                0x0000000000000076       0x2c Core/Src/LED.o
 .ARM.attributes
                0x00000000000000a2       0x2c Core/Src/Motor.o
 .ARM.attributes
                0x00000000000000ce       0x2c Core/Src/Radio.o
 .ARM.attributes
                0x00000000000000fa       0x2c Core/Src/Servo.o
 .ARM.attributes
                0x0000000000000126       0x2c Core/Src/System.o
 .ARM.attributes
                0x0000000000000152       0x2c Core/Src/main.o
 .ARM.attributes
                0x000000000000017e       0x2c Core/Src/system_stm32l0xx.o
 .ARM.attributes
                0x00000000000001aa       0x22 Core/Startup/startup_stm32l051k8ux.o
 .ARM.attributes
                0x00000000000001cc       0x2c Drivers/STM32L0xx_HAL_Driver/Src/stm32l0xx_hal_adc.o
 .ARM.attributes
                0x00000000000001f8       0x2c Drivers/STM32L0xx_HAL_Driver/Src/stm32l0xx_hal_cortex.o
 .ARM.attributes
                0x0000000000000224       0x2c STM32X/Lib/ADC.o
 .ARM.attributes
                0x0000000000000250       0x2c STM32X/Lib/CLK.o
 .ARM.attributes
                0x000000000000027c       0x2c STM32X/Lib/Core.o
 .ARM.attributes
                0x00000000000002a8       0x2c STM32X/Lib/EEPROM.o
 .ARM.attributes
                0x00000000000002d4       0x2c STM32X/Lib/GPIO.o
 .ARM.attributes
                0x0000000000000300       0x2c STM32X/Lib/TIM.o
 .ARM.attributes
                0x000000000000032c       0x2c STM32X/Lib/UART.o
 .ARM.attributes
                0x0000000000000358       0x2c c:/st/stm32cubeide_1.6.1/stm32cubeide/plugins/com.st.stm32cube.ide.mcu.externaltools.gnu-tools-for-stm32.9-2020-q2-update.win32_1.5.0.202011040924/tools/bin/../lib/gcc/arm-none-eabi/9.3.1/../../../../arm-none-eabi/lib/thumb/v6-m/nofp\libc_nano.a(lib_a-init.o)
 .ARM.attributes
                0x0000000000000384       0x2c c:/st/stm32cubeide_1.6.1/stm32cubeide/plugins/com.st.stm32cube.ide.mcu.externaltools.gnu-tools-for-stm32.9-2020-q2-update.win32_1.5.0.202011040924/tools/bin/../lib/gcc/arm-none-eabi/9.3.1/../../../../arm-none-eabi/lib/thumb/v6-m/nofp\libc_nano.a(lib_a-memcpy-stub.o)
 .ARM.attributes
                0x00000000000003b0       0x1e c:/st/stm32cubeide_1.6.1/stm32cubeide/plugins/com.st.stm32cube.ide.mcu.externaltools.gnu-tools-for-stm32.9-2020-q2-update.win32_1.5.0.202011040924/tools/bin/../lib/gcc/arm-none-eabi/9.3.1/thumb/v6-m/nofp\libgcc.a(_udivsi3.o)
 .ARM.attributes
                0x00000000000003ce       0x1e c:/st/stm32cubeide_1.6.1/stm32cubeide/plugins/com.st.stm32cube.ide.mcu.externaltools.gnu-tools-for-stm32.9-2020-q2-update.win32_1.5.0.202011040924/tools/bin/../lib/gcc/arm-none-eabi/9.3.1/thumb/v6-m/nofp\libgcc.a(_divsi3.o)
 .ARM.attributes
                0x00000000000003ec       0x1e c:/st/stm32cubeide_1.6.1/stm32cubeide/plugins/com.st.stm32cube.ide.mcu.externaltools.gnu-tools-for-stm32.9-2020-q2-update.win32_1.5.0.202011040924/tools/bin/../lib/gcc/arm-none-eabi/9.3.1/thumb/v6-m/nofp\libgcc.a(_dvmd_tls.o)
 .ARM.attributes
                0x000000000000040a       0x1e c:/st/stm32cubeide_1.6.1/stm32cubeide/plugins/com.st.stm32cube.ide.mcu.externaltools.gnu-tools-for-stm32.9-2020-q2-update.win32_1.5.0.202011040924/tools/bin/../lib/gcc/arm-none-eabi/9.3.1/thumb/v6-m/nofp/crtn.o
OUTPUT(THE_BRAINS.elf elf32-littlearm)
LOAD linker stubs
LOAD c:/st/stm32cubeide_1.6.1/stm32cubeide/plugins/com.st.stm32cube.ide.mcu.externaltools.gnu-tools-for-stm32.9-2020-q2-update.win32_1.5.0.202011040924/tools/bin/../lib/gcc/arm-none-eabi/9.3.1/../../../../arm-none-eabi/lib/thumb/v6-m/nofp\libc.a
LOAD c:/st/stm32cubeide_1.6.1/stm32cubeide/plugins/com.st.stm32cube.ide.mcu.externaltools.gnu-tools-for-stm32.9-2020-q2-update.win32_1.5.0.202011040924/tools/bin/../lib/gcc/arm-none-eabi/9.3.1/../../../../arm-none-eabi/lib/thumb/v6-m/nofp\libm.a
LOAD c:/st/stm32cubeide_1.6.1/stm32cubeide/plugins/com.st.stm32cube.ide.mcu.externaltools.gnu-tools-for-stm32.9-2020-q2-update.win32_1.5.0.202011040924/tools/bin/../lib/gcc/arm-none-eabi/9.3.1/thumb/v6-m/nofp\libgcc.a

.debug_info     0x0000000000000000     0x8d48
 .debug_info    0x0000000000000000      0xcc7 Core/Src/Config.o
 .debug_info    0x0000000000000cc7      0x3f2 Core/Src/LED.o
 .debug_info    0x00000000000010b9      0x67a Core/Src/Motor.o
 .debug_info    0x0000000000001733      0x6a9 Core/Src/Radio.o
 .debug_info    0x0000000000001ddc      0x65a Core/Src/Servo.o
 .debug_info    0x0000000000002436      0x331 Core/Src/System.o
 .debug_info    0x0000000000002767      0x26b Core/Src/main.o
 .debug_info    0x00000000000029d2      0x363 Core/Src/system_stm32l0xx.o
 .debug_info    0x0000000000002d35       0x22 Core/Startup/startup_stm32l051k8ux.o
 .debug_info    0x0000000000002d57      0xe01 Drivers/STM32L0xx_HAL_Driver/Src/stm32l0xx_hal_adc.o
 .debug_info    0x0000000000003b58      0x985 Drivers/STM32L0xx_HAL_Driver/Src/stm32l0xx_hal_cortex.o
 .debug_info    0x00000000000044dd      0x963 STM32X/Lib/ADC.o
 .debug_info    0x0000000000004e40      0x3e0 STM32X/Lib/CLK.o
 .debug_info    0x0000000000005220      0x83f STM32X/Lib/Core.o
 .debug_info    0x0000000000005a5f      0xc54 STM32X/Lib/EEPROM.o
 .debug_info    0x00000000000066b3      0x96f STM32X/Lib/GPIO.o
 .debug_info    0x0000000000007022      0xa89 STM32X/Lib/TIM.o
 .debug_info    0x0000000000007aab     0x129d STM32X/Lib/UART.o

.debug_abbrev   0x0000000000000000     0x220e
 .debug_abbrev  0x0000000000000000      0x272 Core/Src/Config.o
 .debug_abbrev  0x0000000000000272      0x1ba Core/Src/LED.o
 .debug_abbrev  0x000000000000042c      0x1a9 Core/Src/Motor.o
 .debug_abbrev  0x00000000000005d5      0x1cd Core/Src/Radio.o
 .debug_abbrev  0x00000000000007a2      0x1ca Core/Src/Servo.o
 .debug_abbrev  0x000000000000096c      0x138 Core/Src/System.o
 .debug_abbrev  0x0000000000000aa4       0xda Core/Src/main.o
 .debug_abbrev  0x0000000000000b7e      0x145 Core/Src/system_stm32l0xx.o
 .debug_abbrev  0x0000000000000cc3       0x12 Core/Startup/startup_stm32l051k8ux.o
 .debug_abbrev  0x0000000000000cd5      0x222 Drivers/STM32L0xx_HAL_Driver/Src/stm32l0xx_hal_adc.o
 .debug_abbrev  0x0000000000000ef7      0x2b4 Drivers/STM32L0xx_HAL_Driver/Src/stm32l0xx_hal_cortex.o
 .debug_abbrev  0x00000000000011ab      0x1ff STM32X/Lib/ADC.o
 .debug_abbrev  0x00000000000013aa      0x15b STM32X/Lib/CLK.o
 .debug_abbrev  0x0000000000001505      0x29d STM32X/Lib/Core.o
 .debug_abbrev  0x00000000000017a2      0x2ca STM32X/Lib/EEPROM.o
 .debug_abbrev  0x0000000000001a6c      0x215 STM32X/Lib/GPIO.o
 .debug_abbrev  0x0000000000001c81      0x253 STM32X/Lib/TIM.o
 .debug_abbrev  0x0000000000001ed4      0x33a STM32X/Lib/UART.o

.debug_aranges  0x0000000000000000      0x7d0
 .debug_aranges
                0x0000000000000000       0x40 Core/Src/Config.o
 .debug_aranges
                0x0000000000000040       0x78 Core/Src/LED.o
 .debug_aranges
                0x00000000000000b8       0xa0 Core/Src/Motor.o
 .debug_aranges
                0x0000000000000158       0x58 Core/Src/Radio.o
 .debug_aranges
                0x00000000000001b0       0x80 Core/Src/Servo.o
 .debug_aranges
                0x0000000000000230       0x30 Core/Src/System.o
 .debug_aranges
                0x0000000000000260       0x20 Core/Src/main.o
 .debug_aranges
                0x0000000000000280       0x28 Core/Src/system_stm32l0xx.o
 .debug_aranges
                0x00000000000002a8       0x28 Core/Startup/startup_stm32l051k8ux.o
 .debug_aranges
                0x00000000000002d0      0x100 Drivers/STM32L0xx_HAL_Driver/Src/stm32l0xx_hal_adc.o
 .debug_aranges
                0x00000000000003d0       0xd8 Drivers/STM32L0xx_HAL_Driver/Src/stm32l0xx_hal_cortex.o
 .debug_aranges
                0x00000000000004a8       0x60 STM32X/Lib/ADC.o
 .debug_aranges
                0x0000000000000508       0x48 STM32X/Lib/CLK.o
 .debug_aranges
                0x0000000000000550       0x88 STM32X/Lib/Core.o
 .debug_aranges
                0x00000000000005d8       0x40 STM32X/Lib/EEPROM.o
 .debug_aranges
                0x0000000000000618       0x68 STM32X/Lib/GPIO.o
 .debug_aranges
                0x0000000000000680       0xb8 STM32X/Lib/TIM.o
 .debug_aranges
                0x0000000000000738       0x98 STM32X/Lib/UART.o

.debug_ranges   0x0000000000000000      0x6b8
 .debug_ranges  0x0000000000000000       0x30 Core/Src/Config.o
 .debug_ranges  0x0000000000000030       0x68 Core/Src/LED.o
 .debug_ranges  0x0000000000000098       0x90 Core/Src/Motor.o
 .debug_ranges  0x0000000000000128       0x48 Core/Src/Radio.o
 .debug_ranges  0x0000000000000170       0x70 Core/Src/Servo.o
 .debug_ranges  0x00000000000001e0       0x20 Core/Src/System.o
 .debug_ranges  0x0000000000000200       0x10 Core/Src/main.o
 .debug_ranges  0x0000000000000210       0x18 Core/Src/system_stm32l0xx.o
 .debug_ranges  0x0000000000000228       0x20 Core/Startup/startup_stm32l051k8ux.o
 .debug_ranges  0x0000000000000248       0xf0 Drivers/STM32L0xx_HAL_Driver/Src/stm32l0xx_hal_adc.o
 .debug_ranges  0x0000000000000338       0xc8 Drivers/STM32L0xx_HAL_Driver/Src/stm32l0xx_hal_cortex.o
 .debug_ranges  0x0000000000000400       0x50 STM32X/Lib/ADC.o
 .debug_ranges  0x0000000000000450       0x38 STM32X/Lib/CLK.o
 .debug_ranges  0x0000000000000488       0x78 STM32X/Lib/Core.o
 .debug_ranges  0x0000000000000500       0x30 STM32X/Lib/EEPROM.o
 .debug_ranges  0x0000000000000530       0x58 STM32X/Lib/GPIO.o
 .debug_ranges  0x0000000000000588       0xa8 STM32X/Lib/TIM.o
 .debug_ranges  0x0000000000000630       0x88 STM32X/Lib/UART.o

.debug_macro    0x0000000000000000    0x14d20
 .debug_macro   0x0000000000000000      0x375 Core/Src/Config.o
 .debug_macro   0x0000000000000375      0xa7e Core/Src/Config.o
 .debug_macro   0x0000000000000df3       0x22 Core/Src/Config.o
 .debug_macro   0x0000000000000e15       0x8e Core/Src/Config.o
 .debug_macro   0x0000000000000ea3       0x51 Core/Src/Config.o
 .debug_macro   0x0000000000000ef4      0x103 Core/Src/Config.o
 .debug_macro   0x0000000000000ff7       0x6a Core/Src/Config.o
 .debug_macro   0x0000000000001061      0x1df Core/Src/Config.o
 .debug_macro   0x0000000000001240       0x22 Core/Src/Config.o
 .debug_macro   0x0000000000001262      0x1b4 Core/Src/Config.o
 .debug_macro   0x0000000000001416      0x149 Core/Src/Config.o
 .debug_macro   0x000000000000155f       0x28 Core/Src/Config.o
 .debug_macro   0x0000000000001587       0x28 Core/Src/Config.o
 .debug_macro   0x00000000000015af       0x1c Core/Src/Config.o
 .debug_macro   0x00000000000015cb       0x22 Core/Src/Config.o
 .debug_macro   0x00000000000015ed       0xb5 Core/Src/Config.o
 .debug_macro   0x00000000000016a2      0x4da Core/Src/Config.o
 .debug_macro   0x0000000000001b7c      0x11f Core/Src/Config.o
 .debug_macro   0x0000000000001c9b     0x8241 Core/Src/Config.o
 .debug_macro   0x0000000000009edc       0x66 Core/Src/Config.o
 .debug_macro   0x0000000000009f42     0x355c Core/Src/Config.o
 .debug_macro   0x000000000000d49e      0x174 Core/Src/Config.o
 .debug_macro   0x000000000000d612       0x5b Core/Src/Config.o
 .debug_macro   0x000000000000d66d      0x8ae Core/Src/Config.o
 .debug_macro   0x000000000000df1b      0x625 Core/Src/Config.o
 .debug_macro   0x000000000000e540      0x190 Core/Src/Config.o
 .debug_macro   0x000000000000e6d0      0x13f Core/Src/Config.o
 .debug_macro   0x000000000000e80f      0x161 Core/Src/Config.o
 .debug_macro   0x000000000000e970       0x82 Core/Src/Config.o
 .debug_macro   0x000000000000e9f2      0x28e Core/Src/Config.o
 .debug_macro   0x000000000000ec80      0x1e9 Core/Src/Config.o
 .debug_macro   0x000000000000ee69      0x4e1 Core/Src/Config.o
 .debug_macro   0x000000000000f34a       0x65 Core/Src/Config.o
 .debug_macro   0x000000000000f3af      0x24e Core/Src/Config.o
 .debug_macro   0x000000000000f5fd       0xc7 Core/Src/Config.o
 .debug_macro   0x000000000000f6c4       0x4c Core/Src/Config.o
 .debug_macro   0x000000000000f710      0x129 Core/Src/Config.o
 .debug_macro   0x000000000000f839      0x2b4 Core/Src/Config.o
 .debug_macro   0x000000000000faed      0x22c Core/Src/Config.o
 .debug_macro   0x000000000000fd19       0x5b Core/Src/Config.o
 .debug_macro   0x000000000000fd74       0xa5 Core/Src/Config.o
 .debug_macro   0x000000000000fe19       0x85 Core/Src/Config.o
 .debug_macro   0x000000000000fe9e      0x187 Core/Src/Config.o
 .debug_macro   0x0000000000010025       0x16 Core/Src/Config.o
 .debug_macro   0x000000000001003b      0x30c Core/Src/Config.o
 .debug_macro   0x0000000000010347      0x3ee Core/Src/Config.o
 .debug_macro   0x0000000000010735       0xdd Core/Src/Config.o
 .debug_macro   0x0000000000010812      0x22c Core/Src/Config.o
 .debug_macro   0x0000000000010a3e      0x773 Core/Src/Config.o
 .debug_macro   0x00000000000111b1       0xc6 Core/Src/Config.o
 .debug_macro   0x0000000000011277      0x5ba Core/Src/Config.o
 .debug_macro   0x0000000000011831       0x44 Core/Src/Config.o
 .debug_macro   0x0000000000011875      0x146 Core/Src/Config.o
 .debug_macro   0x00000000000119bb       0x52 Core/Src/Config.o
 .debug_macro   0x0000000000011a0d       0x18 Core/Src/Config.o
 .debug_macro   0x0000000000011a25       0x3c Core/Src/Config.o
 .debug_macro   0x0000000000011a61       0x34 Core/Src/Config.o
 .debug_macro   0x0000000000011a95       0x16 Core/Src/Config.o
 .debug_macro   0x0000000000011aab       0x43 Core/Src/Config.o
 .debug_macro   0x0000000000011aee       0x34 Core/Src/Config.o
 .debug_macro   0x0000000000011b22       0x10 Core/Src/Config.o
 .debug_macro   0x0000000000011b32       0x58 Core/Src/Config.o
 .debug_macro   0x0000000000011b8a       0x71 Core/Src/Config.o
 .debug_macro   0x0000000000011bfb       0x1c Core/Src/Config.o
 .debug_macro   0x0000000000011c17      0x12a Core/Src/Config.o
 .debug_macro   0x0000000000011d41      0x333 Core/Src/Config.o
 .debug_macro   0x0000000000012074       0x10 Core/Src/Config.o
 .debug_macro   0x0000000000012084       0x35 Core/Src/Config.o
 .debug_macro   0x00000000000120b9       0x20 Core/Src/Config.o
 .debug_macro   0x00000000000120d9       0x22 Core/Src/Config.o
 .debug_macro   0x00000000000120fb      0x28f Core/Src/LED.o
 .debug_macro   0x000000000001238a       0x1c Core/Src/LED.o
 .debug_macro   0x00000000000123a6      0x2bc Core/Src/Motor.o
 .debug_macro   0x0000000000012662       0x28 Core/Src/Motor.o
 .debug_macro   0x000000000001268a      0x2a6 Core/Src/Radio.o
 .debug_macro   0x0000000000012930       0x28 Core/Src/Radio.o
 .debug_macro   0x0000000000012958      0x292 Core/Src/Servo.o
 .debug_macro   0x0000000000012bea       0x28 Core/Src/Servo.o
 .debug_macro   0x0000000000012c12      0x2fd Core/Src/System.o
 .debug_macro   0x0000000000012f0f       0x2e Core/Src/System.o
 .debug_macro   0x0000000000012f3d       0x2e Core/Src/System.o
 .debug_macro   0x0000000000012f6b       0x2e Core/Src/System.o
 .debug_macro   0x0000000000012f99       0x10 Core/Src/System.o
 .debug_macro   0x0000000000012fa9      0x2a5 Core/Src/main.o
 .debug_macro   0x000000000001324e      0x238 Core/Src/system_stm32l0xx.o
 .debug_macro   0x0000000000013486       0x2e Core/Src/system_stm32l0xx.o
 .debug_macro   0x00000000000134b4      0x247 Drivers/STM32L0xx_HAL_Driver/Src/stm32l0xx_hal_adc.o
 .debug_macro   0x00000000000136fb      0x238 Drivers/STM32L0xx_HAL_Driver/Src/stm32l0xx_hal_cortex.o
 .debug_macro   0x0000000000013933      0x2b3 STM32X/Lib/ADC.o
 .debug_macro   0x0000000000013be6       0x10 STM32X/Lib/ADC.o
 .debug_macro   0x0000000000013bf6      0x2a7 STM32X/Lib/CLK.o
 .debug_macro   0x0000000000013e9d       0x1c STM32X/Lib/CLK.o
 .debug_macro   0x0000000000013eb9      0x2aa STM32X/Lib/Core.o
 .debug_macro   0x0000000000014163      0x332 STM32X/Lib/EEPROM.o
 .debug_macro   0x0000000000014495      0x26d STM32X/Lib/GPIO.o
 .debug_macro   0x0000000000014702      0x29a STM32X/Lib/TIM.o
 .debug_macro   0x000000000001499c      0x384 STM32X/Lib/UART.o

.debug_line     0x0000000000000000     0xb5b0
 .debug_line    0x0000000000000000      0xa38 Core/Src/Config.o
 .debug_line    0x0000000000000a38      0x9cb Core/Src/LED.o
 .debug_line    0x0000000000001403      0xa52 Core/Src/Motor.o
 .debug_line    0x0000000000001e55      0x9ca Core/Src/Radio.o
 .debug_line    0x000000000000281f      0x997 Core/Src/Servo.o
 .debug_line    0x00000000000031b6      0xa1c Core/Src/System.o
 .debug_line    0x0000000000003bd2      0x886 Core/Src/main.o
 .debug_line    0x0000000000004458      0x8a2 Core/Src/system_stm32l0xx.o
 .debug_line    0x0000000000004cfa       0x89 Core/Startup/startup_stm32l051k8ux.o
 .debug_line    0x0000000000004d83     0x123a Drivers/STM32L0xx_HAL_Driver/Src/stm32l0xx_hal_adc.o
 .debug_line    0x0000000000005fbd      0xc13 Drivers/STM32L0xx_HAL_Driver/Src/stm32l0xx_hal_cortex.o
 .debug_line    0x0000000000006bd0      0x9b1 STM32X/Lib/ADC.o
 .debug_line    0x0000000000007581      0x91c STM32X/Lib/CLK.o
 .debug_line    0x0000000000007e9d      0xa1c STM32X/Lib/Core.o
 .debug_line    0x00000000000088b9      0xa58 STM32X/Lib/EEPROM.o
 .debug_line    0x0000000000009311      0xa5b STM32X/Lib/GPIO.o
 .debug_line    0x0000000000009d6c      0xb65 STM32X/Lib/TIM.o
 .debug_line    0x000000000000a8d1      0xcdf STM32X/Lib/UART.o

.debug_str      0x0000000000000000    0x7ef2e
 .debug_str     0x0000000000000000    0x7ccfa Core/Src/Config.o
                                      0x7d078 (size before relaxing)
 .debug_str     0x000000000007ccfa       0xad Core/Src/LED.o
                                      0x79e0a (size before relaxing)
 .debug_str     0x000000000007cda7      0x266 Core/Src/Motor.o
                                      0x7a03a (size before relaxing)
 .debug_str     0x000000000007d00d      0x18a Core/Src/Radio.o
                                      0x79f52 (size before relaxing)
 .debug_str     0x000000000007d197      0x157 Core/Src/Servo.o
                                      0x79f9a (size before relaxing)
 .debug_str     0x000000000007d2ee      0x150 Core/Src/System.o
                                      0x7a05b (size before relaxing)
 .debug_str     0x000000000007d43e       0x13 Core/Src/main.o
                                      0x79ea2 (size before relaxing)
 .debug_str     0x000000000007d451       0xf9 Core/Src/system_stm32l0xx.o
                                      0x796d1 (size before relaxing)
 .debug_str     0x000000000007d54a       0x36 Core/Startup/startup_stm32l051k8ux.o
                                         0x62 (size before relaxing)
 .debug_str     0x000000000007d580      0x75f Drivers/STM32L0xx_HAL_Driver/Src/stm32l0xx_hal_adc.o
                                      0x79dbc (size before relaxing)
 .debug_str     0x000000000007dcdf      0x406 Drivers/STM32L0xx_HAL_Driver/Src/stm32l0xx_hal_cortex.o
                                      0x79b3b (size before relaxing)
 .debug_str     0x000000000007e0e5      0x208 STM32X/Lib/ADC.o
                                      0x7a318 (size before relaxing)
 .debug_str     0x000000000007e2ed      0x210 STM32X/Lib/CLK.o
                                      0x79f03 (size before relaxing)
 .debug_str     0x000000000007e4fd      0x220 STM32X/Lib/Core.o
                                      0x7a22f (size before relaxing)
 .debug_str     0x000000000007e71d       0x93 STM32X/Lib/EEPROM.o
                                      0x7cf4e (size before relaxing)
 .debug_str     0x000000000007e7b0      0x1b0 STM32X/Lib/GPIO.o
                                      0x7a1b2 (size before relaxing)
 .debug_str     0x000000000007e960      0x29d STM32X/Lib/TIM.o
                                      0x7a270 (size before relaxing)
 .debug_str     0x000000000007ebfd      0x331 STM32X/Lib/UART.o
                                      0x7d4e5 (size before relaxing)

.comment        0x0000000000000000       0x53
 .comment       0x0000000000000000       0x53 Core/Src/Config.o
                                         0x54 (size before relaxing)
 .comment       0x0000000000000053       0x54 Core/Src/LED.o
 .comment       0x0000000000000053       0x54 Core/Src/Motor.o
 .comment       0x0000000000000053       0x54 Core/Src/Radio.o
 .comment       0x0000000000000053       0x54 Core/Src/Servo.o
 .comment       0x0000000000000053       0x54 Core/Src/System.o
 .comment       0x0000000000000053       0x54 Core/Src/main.o
 .comment       0x0000000000000053       0x54 Core/Src/system_stm32l0xx.o
 .comment       0x0000000000000053       0x54 Drivers/STM32L0xx_HAL_Driver/Src/stm32l0xx_hal_adc.o
 .comment       0x0000000000000053       0x54 Drivers/STM32L0xx_HAL_Driver/Src/stm32l0xx_hal_cortex.o
 .comment       0x0000000000000053       0x54 STM32X/Lib/ADC.o
 .comment       0x0000000000000053       0x54 STM32X/Lib/CLK.o
 .comment       0x0000000000000053       0x54 STM32X/Lib/Core.o
 .comment       0x0000000000000053       0x54 STM32X/Lib/EEPROM.o
 .comment       0x0000000000000053       0x54 STM32X/Lib/GPIO.o
 .comment       0x0000000000000053       0x54 STM32X/Lib/TIM.o
 .comment       0x0000000000000053       0x54 STM32X/Lib/UART.o

.debug_frame    0x0000000000000000     0x18f0
 .debug_frame   0x0000000000000000       0xa8 Core/Src/Config.o
 .debug_frame   0x00000000000000a8      0x170 Core/Src/LED.o
 .debug_frame   0x0000000000000218      0x204 Core/Src/Motor.o
 .debug_frame   0x000000000000041c      0x108 Core/Src/Radio.o
 .debug_frame   0x0000000000000524      0x198 Core/Src/Servo.o
 .debug_frame   0x00000000000006bc       0x6c Core/Src/System.o
 .debug_frame   0x0000000000000728       0x2c Core/Src/main.o
 .debug_frame   0x0000000000000754       0x4c Core/Src/system_stm32l0xx.o
 .debug_frame   0x00000000000007a0      0x3c0 Drivers/STM32L0xx_HAL_Driver/Src/stm32l0xx_hal_adc.o
 .debug_frame   0x0000000000000b60      0x2fc Drivers/STM32L0xx_HAL_Driver/Src/stm32l0xx_hal_cortex.o
 .debug_frame   0x0000000000000e5c      0x124 STM32X/Lib/ADC.o
 .debug_frame   0x0000000000000f80       0xb8 STM32X/Lib/CLK.o
 .debug_frame   0x0000000000001038      0x1a8 STM32X/Lib/Core.o
 .debug_frame   0x00000000000011e0       0xa8 STM32X/Lib/EEPROM.o
 .debug_frame   0x0000000000001288      0x150 STM32X/Lib/GPIO.o
 .debug_frame   0x00000000000013d8      0x27c STM32X/Lib/TIM.o
 .debug_frame   0x0000000000001654      0x208 STM32X/Lib/UART.o
 .debug_frame   0x000000000000185c       0x2c c:/st/stm32cubeide_1.6.1/stm32cubeide/plugins/com.st.stm32cube.ide.mcu.externaltools.gnu-tools-for-stm32.9-2020-q2-update.win32_1.5.0.202011040924/tools/bin/../lib/gcc/arm-none-eabi/9.3.1/../../../../arm-none-eabi/lib/thumb/v6-m/nofp\libc_nano.a(lib_a-init.o)
 .debug_frame   0x0000000000001888       0x28 c:/st/stm32cubeide_1.6.1/stm32cubeide/plugins/com.st.stm32cube.ide.mcu.externaltools.gnu-tools-for-stm32.9-2020-q2-update.win32_1.5.0.202011040924/tools/bin/../lib/gcc/arm-none-eabi/9.3.1/../../../../arm-none-eabi/lib/thumb/v6-m/nofp\libc_nano.a(lib_a-memcpy-stub.o)
 .debug_frame   0x00000000000018b0       0x20 c:/st/stm32cubeide_1.6.1/stm32cubeide/plugins/com.st.stm32cube.ide.mcu.externaltools.gnu-tools-for-stm32.9-2020-q2-update.win32_1.5.0.202011040924/tools/bin/../lib/gcc/arm-none-eabi/9.3.1/thumb/v6-m/nofp\libgcc.a(_udivsi3.o)
 .debug_frame   0x00000000000018d0       0x20 c:/st/stm32cubeide_1.6.1/stm32cubeide/plugins/com.st.stm32cube.ide.mcu.externaltools.gnu-tools-for-stm32.9-2020-q2-update.win32_1.5.0.202011040924/tools/bin/../lib/gcc/arm-none-eabi/9.3.1/thumb/v6-m/nofp\libgcc.a(_divsi3.o)
