Archive member included to satisfy reference by file (symbol)

c:/st/stm32cubeide_1.6.1/stm32cubeide/plugins/com.st.stm32cube.ide.mcu.externaltools.gnu-tools-for-stm32.9-2020-q2-update.win32_1.5.0.202011040924/tools/bin/../lib/gcc/arm-none-eabi/9.3.1/../../../../arm-none-eabi/lib/thumb/v6-m/nofp\libc_nano.a(lib_a-exit.o)
                              c:/st/stm32cubeide_1.6.1/stm32cubeide/plugins/com.st.stm32cube.ide.mcu.externaltools.gnu-tools-for-stm32.9-2020-q2-update.win32_1.5.0.202011040924/tools/bin/../lib/gcc/arm-none-eabi/9.3.1/../../../../arm-none-eabi/lib/thumb/v6-m/nofp/crt0.o (exit)
c:/st/stm32cubeide_1.6.1/stm32cubeide/plugins/com.st.stm32cube.ide.mcu.externaltools.gnu-tools-for-stm32.9-2020-q2-update.win32_1.5.0.202011040924/tools/bin/../lib/gcc/arm-none-eabi/9.3.1/../../../../arm-none-eabi/lib/thumb/v6-m/nofp\libc_nano.a(lib_a-impure.o)
                              c:/st/stm32cubeide_1.6.1/stm32cubeide/plugins/com.st.stm32cube.ide.mcu.externaltools.gnu-tools-for-stm32.9-2020-q2-update.win32_1.5.0.202011040924/tools/bin/../lib/gcc/arm-none-eabi/9.3.1/../../../../arm-none-eabi/lib/thumb/v6-m/nofp\libc_nano.a(lib_a-exit.o) (_global_impure_ptr)
c:/st/stm32cubeide_1.6.1/stm32cubeide/plugins/com.st.stm32cube.ide.mcu.externaltools.gnu-tools-for-stm32.9-2020-q2-update.win32_1.5.0.202011040924/tools/bin/../lib/gcc/arm-none-eabi/9.3.1/../../../../arm-none-eabi/lib/thumb/v6-m/nofp\libc_nano.a(lib_a-init.o)
                              c:/st/stm32cubeide_1.6.1/stm32cubeide/plugins/com.st.stm32cube.ide.mcu.externaltools.gnu-tools-for-stm32.9-2020-q2-update.win32_1.5.0.202011040924/tools/bin/../lib/gcc/arm-none-eabi/9.3.1/../../../../arm-none-eabi/lib/thumb/v6-m/nofp/crt0.o (__libc_init_array)
c:/st/stm32cubeide_1.6.1/stm32cubeide/plugins/com.st.stm32cube.ide.mcu.externaltools.gnu-tools-for-stm32.9-2020-q2-update.win32_1.5.0.202011040924/tools/bin/../lib/gcc/arm-none-eabi/9.3.1/../../../../arm-none-eabi/lib/thumb/v6-m/nofp\libc_nano.a(lib_a-memcpy-stub.o)
                              Lib/EEPROM.o (memcpy)
c:/st/stm32cubeide_1.6.1/stm32cubeide/plugins/com.st.stm32cube.ide.mcu.externaltools.gnu-tools-for-stm32.9-2020-q2-update.win32_1.5.0.202011040924/tools/bin/../lib/gcc/arm-none-eabi/9.3.1/../../../../arm-none-eabi/lib/thumb/v6-m/nofp\libc_nano.a(lib_a-memset.o)
                              c:/st/stm32cubeide_1.6.1/stm32cubeide/plugins/com.st.stm32cube.ide.mcu.externaltools.gnu-tools-for-stm32.9-2020-q2-update.win32_1.5.0.202011040924/tools/bin/../lib/gcc/arm-none-eabi/9.3.1/../../../../arm-none-eabi/lib/thumb/v6-m/nofp/crt0.o (memset)
c:/st/stm32cubeide_1.6.1/stm32cubeide/plugins/com.st.stm32cube.ide.mcu.externaltools.gnu-tools-for-stm32.9-2020-q2-update.win32_1.5.0.202011040924/tools/bin/../lib/gcc/arm-none-eabi/9.3.1/../../../../arm-none-eabi/lib/thumb/v6-m/nofp\libc_nano.a(lib_a-strlen.o)
                              Lib/UART.o (strlen)
c:/st/stm32cubeide_1.6.1/stm32cubeide/plugins/com.st.stm32cube.ide.mcu.externaltools.gnu-tools-for-stm32.9-2020-q2-update.win32_1.5.0.202011040924/tools/bin/../lib/gcc/arm-none-eabi/9.3.1/thumb/v6-m/nofp\libgcc.a(_udivsi3.o)
                              Core/Src/system_stm32l0xx.o (__aeabi_uidiv)
c:/st/stm32cubeide_1.6.1/stm32cubeide/plugins/com.st.stm32cube.ide.mcu.externaltools.gnu-tools-for-stm32.9-2020-q2-update.win32_1.5.0.202011040924/tools/bin/../lib/gcc/arm-none-eabi/9.3.1/thumb/v6-m/nofp\libgcc.a(_divsi3.o)
                              Core/Src/main.o (__aeabi_idiv)
c:/st/stm32cubeide_1.6.1/stm32cubeide/plugins/com.st.stm32cube.ide.mcu.externaltools.gnu-tools-for-stm32.9-2020-q2-update.win32_1.5.0.202011040924/tools/bin/../lib/gcc/arm-none-eabi/9.3.1/thumb/v6-m/nofp\libgcc.a(_dvmd_tls.o)
                              c:/st/stm32cubeide_1.6.1/stm32cubeide/plugins/com.st.stm32cube.ide.mcu.externaltools.gnu-tools-for-stm32.9-2020-q2-update.win32_1.5.0.202011040924/tools/bin/../lib/gcc/arm-none-eabi/9.3.1/thumb/v6-m/nofp\libgcc.a(_udivsi3.o) (__aeabi_idiv0)
c:/st/stm32cubeide_1.6.1/stm32cubeide/plugins/com.st.stm32cube.ide.mcu.externaltools.gnu-tools-for-stm32.9-2020-q2-update.win32_1.5.0.202011040924/tools/bin/../lib/gcc/arm-none-eabi/9.3.1/thumb/v6-m/nofp\libgcc.a(_aeabi_uldivmod.o)
                              Drivers/STM32L0xx_HAL_Driver/Src/stm32l0xx_hal_rcc.o (__aeabi_uldivmod)
c:/st/stm32cubeide_1.6.1/stm32cubeide/plugins/com.st.stm32cube.ide.mcu.externaltools.gnu-tools-for-stm32.9-2020-q2-update.win32_1.5.0.202011040924/tools/bin/../lib/gcc/arm-none-eabi/9.3.1/thumb/v6-m/nofp\libgcc.a(_muldi3.o)
                              Drivers/STM32L0xx_HAL_Driver/Src/stm32l0xx_hal_rcc.o (__aeabi_lmul)
c:/st/stm32cubeide_1.6.1/stm32cubeide/plugins/com.st.stm32cube.ide.mcu.externaltools.gnu-tools-for-stm32.9-2020-q2-update.win32_1.5.0.202011040924/tools/bin/../lib/gcc/arm-none-eabi/9.3.1/thumb/v6-m/nofp\libgcc.a(_udivmoddi4.o)
[...]
Memory Configuration

Name             Origin             Length             Attributes
RAM              0x0000000020000000 0x0000000000002000 xrw
FLASH            0x0000000008000000 0x0000000000010000 xr
*default*        0x0000000000000000 0xffffffffffffffff

Linker script and memory map

LOAD c:/st/stm32cubeide_1.6.1/stm32cubeide/plugins/com.st.stm32cube.ide.mcu.externaltools.gnu-tools-for-stm32.9-2020-q2-update.win32_1.5.0.202011040924/tools/bin/../lib/gcc/arm-none-eabi/9.3.1/thumb/v6-m/nofp/crti.o
LOAD c:/st/stm32cubeide_1.6.1/stm32cubeide/plugins/com.st.stm32cube.ide.mcu.externaltools.gnu-tools-for-stm32.9-2020-q2-update.win32_1.5.0.202011040924/tools/bin/../lib/gcc/arm-none-eabi/9.3.1/thumb/v6-m/nofp/crtbegin.o
LOAD c:/st/stm32cubeide_1.6.1/stm32cubeide/plugins/com.st.stm32cube.ide.mcu.externaltools.gnu-tools-for-stm32.9-2020-q2-update.win32_1.5.0.202011040924/tools/bin/../lib/gcc/arm-none-eabi/9.3.1/../../../../arm-none-eabi/lib/thumb/v6-m/nofp/crt0.o
LOAD Core/Src/LED.o
LOAD Core/Src/Motor.o
LOAD Core/Src/Radio.o
LOAD Core/Src/Servo.o
LOAD Core/Src/main.o
LOAD Core/Src/system_stm32l0xx.o
LOAD Core/Startup/startup_stm32l051k8ux.o
LOAD Drivers/STM32L0xx_HAL_Driver/Src/stm32l0xx_hal.o
LOAD Drivers/STM32L0xx_HAL_Driver/Src/stm32l0xx_hal_adc.o
LOAD Drivers/STM32L0xx_HAL_Driver/Src/stm32l0xx_hal_adc_ex.o
LOAD Drivers/STM32L0xx_HAL_Driver/Src/stm32l0xx_hal_cortex.o
LOAD Drivers/STM32L0xx_HAL_Driver/Src/stm32l0xx_hal_dma.o
LOAD Drivers/STM32L0xx_HAL_Driver/Src/stm32l0xx_hal_exti.o
LOAD Drivers/STM32L0xx_HAL_Driver/Src/stm32l0xx_hal_flash.o
LOAD Drivers/STM32L0xx_HAL_Driver/Src/stm32l0xx_hal_flash_ex.o
LOAD Drivers/STM32L0xx_HAL_Driver/Src/stm32l0xx_hal_flash_ramfunc.o
LOAD Drivers/STM32L0xx_HAL_Driver/Src/stm32l0xx_hal_gpio.o
LOAD Drivers/STM32L0xx_HAL_Driver/Src/stm32l0xx_hal_i2c.o
LOAD Drivers/STM32L0xx_HAL_Driver/Src/stm32l0xx_hal_i2c_ex.o
LOAD Drivers/STM32L0xx_HAL_Driver/Src/stm32l0xx_hal_iwdg.o
LOAD Drivers/STM32L0xx_HAL_Driver/Src/stm32l0xx_hal_pwr.o
LOAD Drivers/STM32L0xx_HAL_Driver/Src/stm32l0xx_hal_pwr_ex.o
LOAD Drivers/STM32L0xx_HAL_Driver/Src/stm32l0xx_hal_rcc.o
LOAD Drivers/STM32L0xx_HAL_Driver/Src/stm32l0xx_hal_rcc_ex.o
LOAD Drivers/STM32L0xx_HAL_Driver/Src/stm32l0xx_hal_spi.o
LOAD Drivers/STM32L0xx_HAL_Driver/Src/stm32l0xx_hal_tim.o
LOAD Drivers/STM32L0xx_HAL_Driver/Src/stm32l0xx_hal_tim_ex.o
LOAD Drivers/STM32L0xx_HAL_Driver/Src/stm32l0xx_hal_uart.o
LOAD Drivers/STM32L0xx_HAL_Driver/Src/stm32l0xx_hal_uart_ex.o
LOAD Lib/ADC.o
LOAD Lib/Core.o
LOAD Lib/EEPROM.o
LOAD Lib/GPIO.o
LOAD Lib/SPI.o
LOAD Lib/TIM.o
LOAD Lib/UART.o
LOAD Lib/WDG.o
START GROUP
LOAD c:/st/stm32cubeide_1.6.1/stm32cubeide/plugins/com.st.stm32cube.ide.mcu.externaltools.gnu-tools-for-stm32.9-2020-q2-update.win32_1.5.0.202011040924/tools/bin/../lib/gcc/arm-none-eabi/9.3.1/../../../../arm-none-eabi/lib/thumb/v6-m/nofp\libc_nano.a
LOAD c:/st/stm32cubeide_1.6.1/stm32cubeide/plugins/com.st.stm32cube.ide.mcu.externaltools.gnu-tools-for-stm32.9-2020-q2-update.win32_1.5.0.202011040924/tools/bin/../lib/gcc/arm-none-eabi/9.3.1/../../../../arm-none-eabi/lib/thumb/v6-m/nofp\libm.a
END GROUP
START GROUP
LOAD c:/st/stm32cubeide_1.6.1/stm32cubeide/plugins/com.st.stm32cube.ide.mcu.externaltools.gnu-tools-for-stm32.9-2020-q2-update.win32_1.5.0.202011040924/tools/bin/../lib/gcc/arm-none-eabi/9.3.1/thumb/v6-m/nofp\libgcc.a
LOAD c:/st/stm32cubeide_1.6.1/stm32cubeide/plugins/com.st.stm32cube.ide.mcu.externaltools.gnu-tools-for-stm32.9-2020-q2-update.win32_1.5.0.202011040924/tools/bin/../lib/gcc/arm-none-eabi/9.3.1/../../../../arm-none-eabi/lib/thumb/v6-m/nofp\libc_nano.a
END GROUP
START GROUP
LOAD c:/st/stm32cubeide_1.6.1/stm32cubeide/plugins/com.st.stm32cube.ide.mcu.externaltools.gnu-tools-for-stm32.9-2020-q2-update.win32_1.5.0.202011040924/tools/bin/../lib/gcc/arm-none-eabi/9.3.1/thumb/v6-m/nofp\libgcc.a
LOAD c:/st/stm32cubeide_1.6.1/stm32cubeide/plugins/com.st.stm32cube.ide.mcu.externaltools.gnu-tools-for-stm32.9-2020-q2-update.win32_1.5.0.202011040924/tools/bin/../lib/gcc/arm-none-eabi/9.3.1/../../../../arm-none-eabi/lib/thumb/v6-m/nofp\libc_nano.a
LOAD c:/st/stm32cubeide_1.6.1/stm32cubeide/plugins/com.st.stm32cube.ide.mcu.externaltools.gnu-tools-for-stm32.9-2020-q2-update.win32_1.5.0.202011040924/tools/bin/../lib/gcc/arm-none-eabi/9.3.1/../../../../arm-none-eabi/lib/thumb/v6-m/nofp\libnosys.a
END GROUP
START GROUP
LOAD c:/st/stm32cubeide_1.6.1/stm32cubeide/plugins/com.st.stm32cube.ide.mcu.externaltools.gnu-tools-for-stm32.9-2020-q2-update.win32_1.5.0.202011040924/tools/bin/../lib/gcc/arm-none-eabi/9.3.1/thumb/v6-m/nofp\libgcc.a
LOAD c:/st/stm32cubeide_1.6.1/stm32cubeide/plugins/com.st.stm32cube.ide.mcu.externaltools.gnu-tools-for-stm32.9-2020-q2-update.win32_1.5.0.202011040924/tools/bin/../lib/gcc/arm-none-eabi/9.3.1/../../../../arm-none-eabi/lib/thumb/v6-m/nofp\libc_nano.a
LOAD c:/st/stm32cubeide_1.6.1/stm32cubeide/plugins/com.st.stm32cube.ide.mcu.externaltools.gnu-tools-for-stm32.9-2020-q2-update.win32_1.5.0.202011040924/tools/bin/../lib/gcc/arm-none-eabi/9.3.1/../../../../arm-none-eabi/lib/thumb/v6-m/nofp\libnosys.a
END GROUP
LOAD c:/st/stm32cubeide_1.6.1/stm32cubeide/plugins/com.st.stm32cube.ide.mcu.externaltools.gnu-tools-for-stm32.9-2020-q2-update.win32_1.5.0.202011040924/tools/bin/../lib/gcc/arm-none-eabi/9.3.1/thumb/v6-m/nofp/crtend.o
LOAD c:/st/stm32cubeide_1.6.1/stm32cubeide/plugins/com.st.stm32cube.ide.mcu.externaltools.gnu-tools-for-stm32.9-2020-q2-update.win32_1.5.0.202011040924/tools/bin/../lib/gcc/arm-none-eabi/9.3.1/thumb/v6-m/nofp/crtn.o
                0x0000000020002000                _estack = (ORIGIN (RAM) + LENGTH (RAM))
                0x0000000000000200                _Min_Heap_Size = 0x200
                0x0000000000000400                _Min_Stack_Size = 0x400

.isr_vector     0x0000000008000000       0xc0
                0x0000000008000000                . = ALIGN (0x4)
 *(.isr_vector)
 .isr_vector    0x0000000008000000       0xc0 Core/Startup/startup_stm32l051k8ux.o
                0x0000000008000000                g_pfnVectors
                0x00000000080000c0                . = ALIGN (0x4)

.text           0x00000000080000c0     0x2674
                0x00000000080000c0                . = ALIGN (0x4)
 *(.text)
 .text          0x00000000080000c0       0x48 c:/st/stm32cubeide_1.6.1/stm32cubeide/plugins/com.st.stm32cube.ide.mcu.externaltools.gnu-tools-for-stm32.9-2020-q2-update.win32_1.5.0.202011040924/tools/bin/../lib/gcc/arm-none-eabi/9.3.1/thumb/v6-m/nofp/crtbegin.o
 .text          0x0000000008000108      0x114 c:/st/stm32cubeide_1.6.1/stm32cubeide/plugins/com.st.stm32cube.ide.mcu.externaltools.gnu-tools-for-stm32.9-2020-q2-update.win32_1.5.0.202011040924/tools/bin/../lib/gcc/arm-none-eabi/9.3.1/thumb/v6-m/nofp\libgcc.a(_udivsi3.o)
                0x0000000008000108                __aeabi_uidiv
                0x0000000008000108                __udivsi3
                0x0000000008000214                __aeabi_uidivmod
 .text          0x000000000800021c      0x1d4 c:/st/stm32cubeide_1.6.1/stm32cubeide/plugins/com.st.stm32cube.ide.mcu.externaltools.gnu-tools-for-stm32.9-2020-q2-update.win32_1.5.0.202011040924/tools/bin/../lib/gcc/arm-none-eabi/9.3.1/thumb/v6-m/nofp\libgcc.a(_divsi3.o)
                0x000000000800021c                __divsi3
                0x000000000800021c                __aeabi_idiv
                0x00000000080003e8                __aeabi_idivmod
 .text          0x00000000080003f0        0x4 c:/st/stm32cubeide_1.6.1/stm32cubeide/plugins/com.st.stm32cube.ide.mcu.externaltools.gnu-tools-for-stm32.9-2020-q2-update.win32_1.5.0.202011040924/tools/bin/../lib/gcc/arm-none-eabi/9.3.1/thumb/v6-m/nofp\libgcc.a(_dvmd_tls.o)
                0x00000000080003f0                __aeabi_idiv0
                0x00000000080003f0                __aeabi_ldiv0
 .text          0x00000000080003f4       0x40 c:/st/stm32cubeide_1.6.1/stm32cubeide/plugins/com.st.stm32cube.ide.mcu.externaltools.gnu-tools-for-stm32.9-2020-q2-update.win32_1.5.0.202011040924/tools/bin/../lib/gcc/arm-none-eabi/9.3.1/thumb/v6-m/nofp\libgcc.a(_aeabi_uldivmod.o)
                0x00000000080003f4                __aeabi_uldivmod
 .text          0x0000000008000434       0x50 c:/st/stm32cubeide_1.6.1/stm32cubeide/plugins/com.st.stm32cube.ide.mcu.externaltools.gnu-tools-for-stm32.9-2020-q2-update.win32_1.5.0.202011040924/tools/bin/../lib/gcc/arm-none-eabi/9.3.1/thumb/v6-m/nofp\libgcc.a(_muldi3.o)
                0x0000000008000434                __muldi3
                0x0000000008000434                __aeabi_lmul
 .text          0x0000000008000484      0x198 c:/st/stm32cubeide_1.6.1/stm32cubeide/plugins/com.st.stm32cube.ide.mcu.externaltools.gnu-tools-for-stm32.9-2020-q2-update.win32_1.5.0.202011040924/tools/bin/../lib/gcc/arm-none-eabi/9.3.1/thumb/v6-m/nofp\libgcc.a(_udivmoddi4.o)
                0x0000000008000484                __udivmoddi4
 .text          0x000000000800061c       0x18 c:/st/stm32cubeide_1.6.1/stm32cubeide/plugins/com.st.stm32cube.ide.mcu.externaltools.gnu-tools-for-stm32.9-2020-q2-update.win32_1.5.0.202011040924/tools/bin/../lib/gcc/arm-none-eabi/9.3.1/thumb/v6-m/nofp\libgcc.a(_clzdi2.o)
                0x000000000800061c                __clzdi2
 .text          0x0000000008000634       0x3c c:/st/stm32cubeide_1.6.1/stm32cubeide/plugins/com.st.stm32cube.ide.mcu.externaltools.gnu-tools-for-stm32.9-2020-q2-update.win32_1.5.0.202011040924/tools/bin/../lib/gcc/arm-none-eabi/9.3.1/thumb/v6-m/nofp\libgcc.a(_clzsi2.o)
                0x0000000008000634                __clzsi2
 *(.text*)
 .text.MOTOR_Init
                0x0000000008000670       0xa4 Core/Src/Motor.o
                0x0000000008000670                MOTOR_Init
 .text.MOTOR_Stop
                0x0000000008000714       0x16 Core/Src/Motor.o
                0x0000000008000714                MOTOR_Stop
 .text.MOTOR_Update
                0x000000000800072a       0x22 Core/Src/Motor.o
                0x000000000800072a                MOTOR_Update
 .text.MOTOR_M1_Brake
                0x000000000800074c       0x3c Core/Src/Motor.o
                0x000000000800074c                MOTOR_M1_Brake
 .text.MOTOR_M2_Brake
                0x0000000008000788       0x3c Core/Src/Motor.o
                0x0000000008000788                MOTOR_M2_Brake
 .text.MOTOR_M1_Update
                0x00000000080007c4       0x90 Core/Src/Motor.o
                0x00000000080007c4                MOTOR_M1_Update
 .text.MOTOR_M2_Update
                0x0000000008000854       0x90 Core/Src/Motor.o
                0x0000000008000854                MOTOR_M2_Update
 .text.GPIO_Read
                0x00000000080008e4       0x20 Core/Src/Radio.o
 .text.TIM_GetCounter
                0x0000000008000904       0x16 Core/Src/Radio.o
 *fill*         0x000000000800091a        0x2 
 .text.RADIO_Init
                0x000000000800091c       0xa0 Core/Src/Radio.o
                0x000000000800091c                RADIO_Init
 .text.RADIO_S1_IRQ
                0x00000000080009bc       0x58 Core/Src/Radio.o
                0x00000000080009bc                RADIO_S1_IRQ
 .text.RADIO_S2_IRQ
                0x0000000008000a14       0x58 Core/Src/Radio.o
                0x0000000008000a14                RADIO_S2_IRQ
 .text.RADIO_S3_IRQ
                0x0000000008000a6c       0x58 Core/Src/Radio.o
                0x0000000008000a6c                RADIO_S3_IRQ
 .text.RADIO_S4_IRQ
                0x0000000008000ac4       0x5c Core/Src/Radio.o
                0x0000000008000ac4                RADIO_S4_IRQ
 .text.GPIO_Set
                0x0000000008000b20       0x18 Core/Src/Servo.o
 .text.GPIO_Reset
                0x0000000008000b38       0x18 Core/Src/Servo.o
 .text.SERVO_Init
                0x0000000008000b50       0xbc Core/Src/Servo.o
                0x0000000008000b50                SERVO_Init
 .text.SERVO_S1_Update
                0x0000000008000c0c       0x58 Core/Src/Servo.o
                0x0000000008000c0c                SERVO_S1_Update
 .text.SERVO_S2_Update
                0x0000000008000c64       0x58 Core/Src/Servo.o
                0x0000000008000c64                SERVO_S2_Update
 .text.SERVO1_TimerReloadISR
                0x0000000008000cbc       0x16 Core/Src/Servo.o
 .text.SERVO1_TimerPulseISR
                0x0000000008000cd2       0x16 Core/Src/Servo.o
 .text.SERVO2_TimerReloadISR
                0x0000000008000ce8       0x1c Core/Src/Servo.o
 .text.SERVO2_TimerPulseISR
                0x0000000008000d04       0x1c Core/Src/Servo.o
 .text.main     0x0000000008000d20       0x68 Core/Src/main.o
                0x0000000008000d20                main
 .text.radio2motor
                0x0000000008000d88       0x34 Core/Src/main.o
                0x0000000008000d88                radio2motor
 .text.SystemInit
                0x0000000008000dbc        0xa Core/Src/system_stm32l0xx.o
                0x0000000008000dbc                SystemInit
 *fill*         0x0000000008000dc6        0x2 
 .text.Reset_Handler
                0x0000000008000dc8       0x50 Core/Startup/startup_stm32l051k8ux.o
                0x0000000008000dc8                Reset_Handler
 .text.Default_Handler
                0x0000000008000e18        0x2 Core/Startup/startup_stm32l051k8ux.o
                0x0000000008000e18                HardFault_Handler
                0x0000000008000e18                ADC1_COMP_IRQHandler
                0x0000000008000e18                PVD_IRQHandler
                0x0000000008000e18                PendSV_Handler
                0x0000000008000e18                NMI_Handler
                0x0000000008000e18                I2C1_IRQHandler
                0x0000000008000e18                SPI1_IRQHandler
                0x0000000008000e18                EXTI2_3_IRQHandler
                0x0000000008000e18                I2C2_IRQHandler
                0x0000000008000e18                RTC_IRQHandler
                0x0000000008000e18                DMA1_Channel4_5_6_7_IRQHandler
                0x0000000008000e18                RCC_IRQHandler
                0x0000000008000e18                DMA1_Channel1_IRQHandler
                0x0000000008000e18                Default_Handler
                0x0000000008000e18                EXTI0_1_IRQHandler
                0x0000000008000e18                SPI2_IRQHandler
                0x0000000008000e18                SVC_Handler
                0x0000000008000e18                WWDG_IRQHandler
                0x0000000008000e18                LPUART1_IRQHandler
                0x0000000008000e18                DMA1_Channel2_3_IRQHandler
                0x0000000008000e18                USART2_IRQHandler
                0x0000000008000e18                FLASH_IRQHandler
                0x0000000008000e18                USART1_IRQHandler
                0x0000000008000e18                LPTIM1_IRQHandler
 *fill*         0x0000000008000e1a        0x2 
 .text.HAL_InitTick
                0x0000000008000e1c       0x68 Drivers/STM32L0xx_HAL_Driver/Src/stm32l0xx_hal.o
                0x0000000008000e1c                HAL_InitTick
 .text.__NVIC_EnableIRQ
                0x0000000008000e84       0x34 Drivers/STM32L0xx_HAL_Driver/Src/stm32l0xx_hal_cortex.o
 .text.__NVIC_SetPriority
                0x0000000008000eb8       0xdc Drivers/STM32L0xx_HAL_Driver/Src/stm32l0xx_hal_cortex.o
 .text.SysTick_Config
                0x0000000008000f94       0x48 Drivers/STM32L0xx_HAL_Driver/Src/stm32l0xx_hal_cortex.o
 .text.HAL_NVIC_SetPriority
                0x0000000008000fdc       0x2a Drivers/STM32L0xx_HAL_Driver/Src/stm32l0xx_hal_cortex.o
                0x0000000008000fdc                HAL_NVIC_SetPriority
 .text.HAL_NVIC_EnableIRQ
                0x0000000008001006       0x20 Drivers/STM32L0xx_HAL_Driver/Src/stm32l0xx_hal_cortex.o
                0x0000000008001006                HAL_NVIC_EnableIRQ
 .text.HAL_SYSTICK_Config
                0x0000000008001026       0x1a Drivers/STM32L0xx_HAL_Driver/Src/stm32l0xx_hal_cortex.o
                0x0000000008001026                HAL_SYSTICK_Config
 .text.HAL_GPIO_Init
                0x0000000008001040      0x2ec Drivers/STM32L0xx_HAL_Driver/Src/stm32l0xx_hal_gpio.o
                0x0000000008001040                HAL_GPIO_Init
 .text.HAL_RCC_OscConfig
                0x000000000800132c      0x6d4 Drivers/STM32L0xx_HAL_Driver/Src/stm32l0xx_hal_rcc.o
                0x000000000800132c                HAL_RCC_OscConfig
 .text.HAL_RCC_ClockConfig
                0x0000000008001a00      0x290 Drivers/STM32L0xx_HAL_Driver/Src/stm32l0xx_hal_rcc.o
                0x0000000008001a00                HAL_RCC_ClockConfig
 .text.HAL_RCC_GetSysClockFreq
                0x0000000008001c90      0x14c Drivers/STM32L0xx_HAL_Driver/Src/stm32l0xx_hal_rcc.o
                0x0000000008001c90                HAL_RCC_GetSysClockFreq
 .text.HAL_RCC_GetHCLKFreq
                0x0000000008001ddc       0x14 Drivers/STM32L0xx_HAL_Driver/Src/stm32l0xx_hal_rcc.o
                0x0000000008001ddc                HAL_RCC_GetHCLKFreq
 .text.HAL_RCC_GetPCLK1Freq
                0x0000000008001df0       0x2c Drivers/STM32L0xx_HAL_Driver/Src/stm32l0xx_hal_rcc.o
                0x0000000008001df0                HAL_RCC_GetPCLK1Freq
 .text.CORE_Init
                0x0000000008001e1c       0x44 Lib/Core.o
                0x0000000008001e1c                CORE_Init
 .text.CORE_Idle
                0x0000000008001e60        0xc Lib/Core.o
                0x0000000008001e60                CORE_Idle
 .text.CORE_InitSysTick
                0x0000000008001e6c       0x30 Lib/Core.o
 .text.CORE_InitGPIO
                0x0000000008001e9c       0xc0 Lib/Core.o
 .text.CORE_InitSysClk
                0x0000000008001f5c       0xa8 Lib/Core.o
 .text.HAL_GetTick
                0x0000000008002004       0x14 Lib/Core.o
                0x0000000008002004                HAL_GetTick
 .text.SysTick_Handler
                0x0000000008002018       0x18 Lib/Core.o
                0x0000000008002018                SysTick_Handler
 .text.GPIO_Set
                0x0000000008002030       0x18 Lib/GPIO.o
 .text.GPIO_Reset
                0x0000000008002048       0x18 Lib/GPIO.o
 .text.GPIO_Write
                0x0000000008002060       0x38 Lib/GPIO.o
                0x0000000008002060                GPIO_Write
 .text.GPIO_EnableOutput
                0x0000000008002098       0x4c Lib/GPIO.o
                0x0000000008002098                GPIO_EnableOutput
 .text.GPIO_EnableIRQ
                0x00000000080020e4       0x80 Lib/GPIO.o
                0x00000000080020e4                GPIO_EnableIRQ
 .text.EXTIx_IRQHandler
                0x0000000008002164       0x3c Lib/GPIO.o
 .text.EXTIx_EnableIRQn
                0x00000000080021a0       0x32 Lib/GPIO.o
 .text.EXTIx_DefaultHandler
                0x00000000080021d2        0xc Lib/GPIO.o
 .text.EXTI4_15_IRQHandler
                0x00000000080021de       0x22 Lib/GPIO.o
                0x00000000080021de                EXTI4_15_IRQHandler
 .text.TIM_Init
                0x0000000008002200       0x58 Lib/TIM.o
                0x0000000008002200                TIM_Init
 .text.TIM_SetFreq
                0x0000000008002258       0x2e Lib/TIM.o
                0x0000000008002258                TIM_SetFreq
 .text.TIM_SetReload
                0x0000000008002286       0x1a Lib/TIM.o
                0x0000000008002286                TIM_SetReload
 .text.TIM_OnReload
                0x00000000080022a0       0x28 Lib/TIM.o
                0x00000000080022a0                TIM_OnReload
 .text.TIM_OnPulse
                0x00000000080022c8       0x40 Lib/TIM.o
                0x00000000080022c8                TIM_OnPulse
 .text.TIM_EnablePwm
                0x0000000008002308       0x4e Lib/TIM.o
                0x0000000008002308                TIM_EnablePwm
 .text.TIM_SetPulse
                0x0000000008002356       0x62 Lib/TIM.o
                0x0000000008002356                TIM_SetPulse
 .text.TIM_Start
                0x00000000080023b8       0x28 Lib/TIM.o
                0x00000000080023b8                TIM_Start
 .text.TIM_EnableOCx
                0x00000000080023e0      0x11c Lib/TIM.o
 .text.TIM_Reload
                0x00000000080024fc       0x3a Lib/TIM.o
 *fill*         0x0000000008002536        0x2 
 .text.TIMx_Init
                0x0000000008002538       0x94 Lib/TIM.o
 .text.TIM_IRQHandler
                0x00000000080025cc       0x98 Lib/TIM.o
 .text.TIM2_IRQHandler
                0x0000000008002664       0x18 Lib/TIM.o
                0x0000000008002664                TIM2_IRQHandler
 .text.TIM6_IRQHandler
                0x000000000800267c       0x18 Lib/TIM.o
                0x000000000800267c                TIM6_IRQHandler
 .text.TIM21_IRQHandler
                0x0000000008002694       0x18 Lib/TIM.o
                0x0000000008002694                TIM21_IRQHandler
 .text.TIM22_IRQHandler
                0x00000000080026ac       0x18 Lib/TIM.o
                0x00000000080026ac                TIM22_IRQHandler
 .text.__libc_init_array
                0x00000000080026c4       0x48 c:/st/stm32cubeide_1.6.1/stm32cubeide/plugins/com.st.stm32cube.ide.mcu.externaltools.gnu-tools-for-stm32.9-2020-q2-update.win32_1.5.0.202011040924/tools/bin/../lib/gcc/arm-none-eabi/9.3.1/../../../../arm-none-eabi/lib/thumb/v6-m/nofp\libc_nano.a(lib_a-init.o)
                0x00000000080026c4                __libc_init_array
 .text.memset   0x000000000800270c       0x10 c:/st/stm32cubeide_1.6.1/stm32cubeide/plugins/com.st.stm32cube.ide.mcu.externaltools.gnu-tools-for-stm32.9-2020-q2-update.win32_1.5.0.202011040924/tools/bin/../lib/gcc/arm-none-eabi/9.3.1/../../../../arm-none-eabi/lib/thumb/v6-m/nofp\libc_nano.a(lib_a-memset.o)
                0x000000000800270c                memset
 *(.glue_7)
 .glue_7        0x000000000800271c        0x0 linker stubs
 *(.glue_7t)
 .glue_7t       0x000000000800271c        0x0 linker stubs
 *(.eh_frame)
 .eh_frame      0x000000000800271c        0x0 c:/st/stm32cubeide_1.6.1/stm32cubeide/plugins/com.st.stm32cube.ide.mcu.externaltools.gnu-tools-for-stm32.9-2020-q2-update.win32_1.5.0.202011040924/tools/bin/../lib/gcc/arm-none-eabi/9.3.1/thumb/v6-m/nofp/crtbegin.o
 *(.init)
 .init          0x000000000800271c        0x4 c:/st/stm32cubeide_1.6.1/stm32cubeide/plugins/com.st.stm32cube.ide.mcu.externaltools.gnu-tools-for-stm32.9-2020-q2-update.win32_1.5.0.202011040924/tools/bin/../lib/gcc/arm-none-eabi/9.3.1/thumb/v6-m/nofp/crti.o
                0x000000000800271c                _init
 .init          0x0000000008002720        0x8 c:/st/stm32cubeide_1.6.1/stm32cubeide/plugins/com.st.stm32cube.ide.mcu.externaltools.gnu-tools-for-stm32.9-2020-q2-update.win32_1.5.0.202011040924/tools/bin/../lib/gcc/arm-none-eabi/9.3.1/thumb/v6-m/nofp/crtn.o
 *(.fini)
 .fini          0x0000000008002728        0x4 c:/st/stm32cubeide_1.6.1/stm32cubeide/plugins/com.st.stm32cube.ide.mcu.externaltools.gnu-tools-for-stm32.9-2020-q2-update.win32_1.5.0.202011040924/tools/bin/../lib/gcc/arm-none-eabi/9.3.1/thumb/v6-m/nofp/crti.o
                0x0000000008002728                _fini
 .fini          0x000000000800272c        0x8 c:/st/stm32cubeide_1.6.1/stm32cubeide/plugins/com.st.stm32cube.ide.mcu.externaltools.gnu-tools-for-stm32.9-2020-q2-update.win32_1.5.0.202011040924/tools/bin/../lib/gcc/arm-none-eabi/9.3.1/thumb/v6-m/nofp/crtn.o
                0x0000000008002734                . = ALIGN (0x4)
                0x0000000008002734                _etext = .

.vfp11_veneer   0x0000000008002734        0x0
 .vfp11_veneer  0x0000000008002734        0x0 linker stubs

.v4_bx          0x0000000008002734        0x0
 .v4_bx         0x0000000008002734        0x0 linker stubs

.iplt           0x0000000008002734        0x0
 .iplt          0x0000000008002734        0x0 c:/st/stm32cubeide_1.6.1/stm32cubeide/plugins/com.st.stm32cube.ide.mcu.externaltools.gnu-tools-for-stm32.9-2020-q2-update.win32_1.5.0.202011040924/tools/bin/../lib/gcc/arm-none-eabi/9.3.1/thumb/v6-m/nofp/crtbegin.o

.rodata         0x0000000008002734       0x24
                0x0000000008002734                . = ALIGN (0x4)
 *(.rodata)
 *(.rodata*)
 .rodata.AHBPrescTable
                0x0000000008002734       0x10 Core/Src/system_stm32l0xx.o
                0x0000000008002734                AHBPrescTable
 .rodata.APBPrescTable
                0x0000000008002744        0x8 Core/Src/system_stm32l0xx.o
                0x0000000008002744                APBPrescTable
 .rodata.PLLMulTable
                0x000000000800274c        0x9 Core/Src/system_stm32l0xx.o
                0x000000000800274c                PLLMulTable
                0x0000000008002758                . = ALIGN (0x4)
 *fill*         0x0000000008002755        0x3 

.ARM.extab      0x0000000008002758        0x0
                0x0000000008002758                . = ALIGN (0x4)
 *(.ARM.extab* .gnu.linkonce.armextab.*)
                0x0000000008002758                . = ALIGN (0x4)

.ARM            0x0000000008002758        0x8
                0x0000000008002758                . = ALIGN (0x4)
                0x0000000008002758                __exidx_start = .
 *(.ARM.exidx*)
 .ARM.exidx     0x0000000008002758        0x8 c:/st/stm32cubeide_1.6.1/stm32cubeide/plugins/com.st.stm32cube.ide.mcu.externaltools.gnu-tools-for-stm32.9-2020-q2-update.win32_1.5.0.202011040924/tools/bin/../lib/gcc/arm-none-eabi/9.3.1/thumb/v6-m/nofp\libgcc.a(_udivmoddi4.o)
                0x0000000008002760                __exidx_end = .
                0x0000000008002760                . = ALIGN (0x4)

.rel.dyn        0x0000000008002760        0x0
 .rel.iplt      0x0000000008002760        0x0 c:/st/stm32cubeide_1.6.1/stm32cubeide/plugins/com.st.stm32cube.ide.mcu.externaltools.gnu-tools-for-stm32.9-2020-q2-update.win32_1.5.0.202011040924/tools/bin/../lib/gcc/arm-none-eabi/9.3.1/thumb/v6-m/nofp/crtbegin.o

.preinit_array  0x0000000008002760        0x0
                0x0000000008002760                . = ALIGN (0x4)
                0x0000000008002760                PROVIDE (__preinit_array_start = .)
 *(.preinit_array*)
                0x0000000008002760                PROVIDE (__preinit_array_end = .)
                0x0000000008002760                . = ALIGN (0x4)

.init_array     0x0000000008002760        0x4
                0x0000000008002760                . = ALIGN (0x4)
                0x0000000008002760                PROVIDE (__init_array_start = .)
 *(SORT_BY_NAME(.init_array.*))
 *(.init_array*)
 .init_array    0x0000000008002760        0x4 c:/st/stm32cubeide_1.6.1/stm32cubeide/plugins/com.st.stm32cube.ide.mcu.externaltools.gnu-tools-for-stm32.9-2020-q2-update.win32_1.5.0.202011040924/tools/bin/../lib/gcc/arm-none-eabi/9.3.1/thumb/v6-m/nofp/crtbegin.o
                0x0000000008002764                PROVIDE (__init_array_end = .)
                0x0000000008002764                . = ALIGN (0x4)

.fini_array     0x0000000008002764        0x4
                0x0000000008002764                . = ALIGN (0x4)
                [!provide]                        PROVIDE (__fini_array_start = .)
 *(SORT_BY_NAME(.fini_array.*))
 *(.fini_array*)
 .fini_array    0x0000000008002764        0x4 c:/st/stm32cubeide_1.6.1/stm32cubeide/plugins/com.st.stm32cube.ide.mcu.externaltools.gnu-tools-for-stm32.9-2020-q2-update.win32_1.5.0.202011040924/tools/bin/../lib/gcc/arm-none-eabi/9.3.1/thumb/v6-m/nofp/crtbegin.o
                [!provide]                        PROVIDE (__fini_array_end = .)
                0x0000000008002768                . = ALIGN (0x4)
                0x0000000008002768                _sidata = LOADADDR (.data)

.data           0x0000000020000000       0xc4 load address 0x0000000008002768
                0x0000000020000000                . = ALIGN (0x4)
                0x0000000020000000                _sdata = .
 *(.data)
 *(.data*)
 .data.radio_S1
                0x0000000020000000        0x2 Core/Src/Radio.o
                0x0000000020000000                radio_S1
 .data.radio_S2
                0x0000000020000002        0x2 Core/Src/Radio.o
                0x0000000020000002                radio_S2
 .data.radio_S3
                0x0000000020000004        0x2 Core/Src/Radio.o
                0x0000000020000004                radio_S3
 .data.radio_S4
                0x0000000020000006        0x2 Core/Src/Radio.o
                0x0000000020000006                radio_S4
 .data.SystemCoreClock
                0x0000000020000008        0x4 Core/Src/system_stm32l0xx.o
                0x0000000020000008                SystemCoreClock
 .data.uwTickPrio
                0x000000002000000c        0x4 Drivers/STM32L0xx_HAL_Driver/Src/stm32l0xx_hal.o
                0x000000002000000c                uwTickPrio
 .data.uwTickFreq
                0x0000000020000010        0x1 Drivers/STM32L0xx_HAL_Driver/Src/stm32l0xx_hal.o
                0x0000000020000010                uwTickFreq
 *fill*         0x0000000020000011        0x3 
 .data.gCallback
                0x0000000020000014       0x40 Lib/GPIO.o
                0x0000000020000014                gCallback
 .data.gTIM_2   0x0000000020000054       0x18 Lib/TIM.o
 .data.TIM_2    0x000000002000006c        0x4 Lib/TIM.o
                0x000000002000006c                TIM_2
 .data.gTIM_6   0x0000000020000070       0x18 Lib/TIM.o
 .data.TIM_6    0x0000000020000088        0x4 Lib/TIM.o
                0x0000000020000088                TIM_6
 .data.gTIM_21  0x000000002000008c       0x18 Lib/TIM.o
 .data.TIM_21   0x00000000200000a4        0x4 Lib/TIM.o
                0x00000000200000a4                TIM_21
 .data.gTIM_22  0x00000000200000a8       0x18 Lib/TIM.o
 .data.TIM_22   0x00000000200000c0        0x4 Lib/TIM.o
                0x00000000200000c0                TIM_22
 *(.RamFunc)
 *(.RamFunc*)
                0x00000000200000c4                . = ALIGN (0x4)
                0x00000000200000c4                _edata = .

.igot.plt       0x00000000200000c4        0x0 load address 0x000000000800282c
 .igot.plt      0x00000000200000c4        0x0 c:/st/stm32cubeide_1.6.1/stm32cubeide/plugins/com.st.stm32cube.ide.mcu.externaltools.gnu-tools-for-stm32.9-2020-q2-update.win32_1.5.0.202011040924/tools/bin/../lib/gcc/arm-none-eabi/9.3.1/thumb/v6-m/nofp/crtbegin.o
                0x00000000200000c4                . = ALIGN (0x4)

.bss            0x00000000200000c4       0x28 load address 0x000000000800282c
                0x00000000200000c4                _sbss = .
                0x00000000200000c4                __bss_start__ = _sbss
 *(.bss)
 .bss           0x00000000200000c4       0x1c c:/st/stm32cubeide_1.6.1/stm32cubeide/plugins/com.st.stm32cube.ide.mcu.externaltools.gnu-tools-for-stm32.9-2020-q2-update.win32_1.5.0.202011040924/tools/bin/../lib/gcc/arm-none-eabi/9.3.1/thumb/v6-m/nofp/crtbegin.o
 *(.bss*)
 .bss.radio_S1tick
                0x00000000200000e0        0x2 Core/Src/Radio.o
 .bss.radio_S2tick
                0x00000000200000e2        0x2 Core/Src/Radio.o
 .bss.radio_S3tick
                0x00000000200000e4        0x2 Core/Src/Radio.o
 .bss.radio_S4tick
                0x00000000200000e6        0x2 Core/Src/Radio.o
 .bss.gTicks    0x00000000200000e8        0x4 Lib/Core.o
 *(COMMON)
                0x00000000200000ec                . = ALIGN (0x4)
                0x00000000200000ec                _ebss = .
                0x00000000200000ec                __bss_end__ = _ebss

._user_heap_stack
                0x00000000200000ec      0x604 load address 0x000000000800282c
                0x00000000200000f0                . = ALIGN (0x8)
 *fill*         0x00000000200000ec        0x4 
                [!provide]                        PROVIDE (end = .)
                [!provide]                        PROVIDE (_end = .)
                0x00000000200002f0                . = (. + _Min_Heap_Size)
 *fill*         0x00000000200000f0      0x200 
                0x00000000200006f0                . = (. + _Min_Stack_Size)
 *fill*         0x00000000200002f0      0x400 
                0x00000000200006f0                . = ALIGN (0x8)

/DISCARD/
 libc.a(*)
 libm.a(*)
 libgcc.a(*)

.ARM.attributes
                0x0000000000000000       0x28
 *(.ARM.attributes)
 .ARM.attributes
                0x0000000000000000       0x1e c:/st/stm32cubeide_1.6.1/stm32cubeide/plugins/com.st.stm32cube.ide.mcu.externaltools.gnu-tools-for-stm32.9-2020-q2-update.win32_1.5.0.202011040924/tools/bin/../lib/gcc/arm-none-eabi/9.3.1/thumb/v6-m/nofp/crti.o
 .ARM.attributes
                0x000000000000001e       0x2c c:/st/stm32cubeide_1.6.1/stm32cubeide/plugins/com.st.stm32cube.ide.mcu.externaltools.gnu-tools-for-stm32.9-2020-q2-update.win32_1.5.0.202011040924/tools/bin/../lib/gcc/arm-none-eabi/9.3.1/thumb/v6-m/nofp/crtbegin.o
 .ARM.attributes
                0x000000000000004a       0x2c Core/Src/Motor.o
 .ARM.attributes
                0x0000000000000076       0x2c Core/Src/Radio.o
 .ARM.attributes
                0x00000000000000a2       0x2c Core/Src/Servo.o
 .ARM.attributes
                0x00000000000000ce       0x2c Core/Src/main.o
 .ARM.attributes
                0x00000000000000fa       0x2c Core/Src/system_stm32l0xx.o
 .ARM.attributes
                0x0000000000000126       0x22 Core/Startup/startup_stm32l051k8ux.o
 .ARM.attributes
                0x0000000000000148       0x2c Drivers/STM32L0xx_HAL_Driver/Src/stm32l0xx_hal.o
 .ARM.attributes
                0x0000000000000174       0x2c Drivers/STM32L0xx_HAL_Driver/Src/stm32l0xx_hal_cortex.o
 .ARM.attributes
                0x00000000000001a0       0x2c Drivers/STM32L0xx_HAL_Driver/Src/stm32l0xx_hal_gpio.o
 .ARM.attributes
                0x00000000000001cc       0x2c Drivers/STM32L0xx_HAL_Driver/Src/stm32l0xx_hal_rcc.o
 .ARM.attributes
                0x00000000000001f8       0x2c Lib/Core.o
 .ARM.attributes
                0x0000000000000224       0x2c Lib/GPIO.o
 .ARM.attributes
                0x0000000000000250       0x2c Lib/TIM.o
 .ARM.attributes
                0x000000000000027c       0x2c c:/st/stm32cubeide_1.6.1/stm32cubeide/plugins/com.st.stm32cube.ide.mcu.externaltools.gnu-tools-for-stm32.9-2020-q2-update.win32_1.5.0.202011040924/tools/bin/../lib/gcc/arm-none-eabi/9.3.1/../../../../arm-none-eabi/lib/thumb/v6-m/nofp\libc_nano.a(lib_a-init.o)
 .ARM.attributes
                0x00000000000002a8       0x2c c:/st/stm32cubeide_1.6.1/stm32cubeide/plugins/com.st.stm32cube.ide.mcu.externaltools.gnu-tools-for-stm32.9-2020-q2-update.win32_1.5.0.202011040924/tools/bin/../lib/gcc/arm-none-eabi/9.3.1/../../../../arm-none-eabi/lib/thumb/v6-m/nofp\libc_nano.a(lib_a-memset.o)
 .ARM.attributes
                0x00000000000002d4       0x1e c:/st/stm32cubeide_1.6.1/stm32cubeide/plugins/com.st.stm32cube.ide.mcu.externaltools.gnu-tools-for-stm32.9-2020-q2-update.win32_1.5.0.202011040924/tools/bin/../lib/gcc/arm-none-eabi/9.3.1/thumb/v6-m/nofp\libgcc.a(_udivsi3.o)
 .ARM.attributes
                0x00000000000002f2       0x1e c:/st/stm32cubeide_1.6.1/stm32cubeide/plugins/com.st.stm32cube.ide.mcu.externaltools.gnu-tools-for-stm32.9-2020-q2-update.win32_1.5.0.202011040924/tools/bin/../lib/gcc/arm-none-eabi/9.3.1/thumb/v6-m/nofp\libgcc.a(_divsi3.o)
 .ARM.attributes
                0x0000000000000310       0x1e c:/st/stm32cubeide_1.6.1/stm32cubeide/plugins/com.st.stm32cube.ide.mcu.externaltools.gnu-tools-for-stm32.9-2020-q2-update.win32_1.5.0.202011040924/tools/bin/../lib/gcc/arm-none-eabi/9.3.1/thumb/v6-m/nofp\libgcc.a(_dvmd_tls.o)
 .ARM.attributes
                0x000000000000032e       0x1e c:/st/stm32cubeide_1.6.1/stm32cubeide/plugins/com.st.stm32cube.ide.mcu.externaltools.gnu-tools-for-stm32.9-2020-q2-update.win32_1.5.0.202011040924/tools/bin/../lib/gcc/arm-none-eabi/9.3.1/thumb/v6-m/nofp\libgcc.a(_aeabi_uldivmod.o)
 .ARM.attributes
                0x000000000000034c       0x2c c:/st/stm32cubeide_1.6.1/stm32cubeide/plugins/com.st.stm32cube.ide.mcu.externaltools.gnu-tools-for-stm32.9-2020-q2-update.win32_1.5.0.202011040924/tools/bin/../lib/gcc/arm-none-eabi/9.3.1/thumb/v6-m/nofp\libgcc.a(_muldi3.o)
 .ARM.attributes
                0x0000000000000378       0x2c c:/st/stm32cubeide_1.6.1/stm32cubeide/plugins/com.st.stm32cube.ide.mcu.externaltools.gnu-tools-for-stm32.9-2020-q2-update.win32_1.5.0.202011040924/tools/bin/../lib/gcc/arm-none-eabi/9.3.1/thumb/v6-m/nofp\libgcc.a(_udivmoddi4.o)
 .ARM.attributes
                0x00000000000003a4       0x1e c:/st/stm32cubeide_1.6.1/stm32cubeide/plugins/com.st.stm32cube.ide.mcu.externaltools.gnu-tools-for-stm32.9-2020-q2-update.win32_1.5.0.202011040924/tools/bin/../lib/gcc/arm-none-eabi/9.3.1/thumb/v6-m/nofp\libgcc.a(_clzdi2.o)
 .ARM.attributes
                0x00000000000003c2       0x1e c:/st/stm32cubeide_1.6.1/stm32cubeide/plugins/com.st.stm32cube.ide.mcu.externaltools.gnu-tools-for-stm32.9-2020-q2-update.win32_1.5.0.202011040924/tools/bin/../lib/gcc/arm-none-eabi/9.3.1/thumb/v6-m/nofp\libgcc.a(_clzsi2.o)
 .ARM.attributes
                0x00000000000003e0       0x1e c:/st/stm32cubeide_1.6.1/stm32cubeide/plugins/com.st.stm32cube.ide.mcu.externaltools.gnu-tools-for-stm32.9-2020-q2-update.win32_1.5.0.202011040924/tools/bin/../lib/gcc/arm-none-eabi/9.3.1/thumb/v6-m/nofp/crtn.o
OUTPUT(THE_BRAINS.elf elf32-littlearm)
LOAD linker stubs
LOAD c:/st/stm32cubeide_1.6.1/stm32cubeide/plugins/com.st.stm32cube.ide.mcu.externaltools.gnu-tools-for-stm32.9-2020-q2-update.win32_1.5.0.202011040924/tools/bin/../lib/gcc/arm-none-eabi/9.3.1/../../../../arm-none-eabi/lib/thumb/v6-m/nofp\libc.a
LOAD c:/st/stm32cubeide_1.6.1/stm32cubeide/plugins/com.st.stm32cube.ide.mcu.externaltools.gnu-tools-for-stm32.9-2020-q2-update.win32_1.5.0.202011040924/tools/bin/../lib/gcc/arm-none-eabi/9.3.1/../../../../arm-none-eabi/lib/thumb/v6-m/nofp\libm.a
LOAD c:/st/stm32cubeide_1.6.1/stm32cubeide/plugins/com.st.stm32cube.ide.mcu.externaltools.gnu-tools-for-stm32.9-2020-q2-update.win32_1.5.0.202011040924/tools/bin/../lib/gcc/arm-none-eabi/9.3.1/thumb/v6-m/nofp\libgcc.a

.debug_info     0x0000000000000000     0x55db
 .debug_info    0x0000000000000000      0x5ba Core/Src/Motor.o
 .debug_info    0x00000000000005ba      0x623 Core/Src/Radio.o
 .debug_info    0x0000000000000bdd      0x56e Core/Src/Servo.o
 .debug_info    0x000000000000114b      0x40a Core/Src/main.o
 .debug_info    0x0000000000001555      0x363 Core/Src/system_stm32l0xx.o
 .debug_info    0x00000000000018b8       0x22 Core/Startup/startup_stm32l051k8ux.o
 .debug_info    0x00000000000018da      0x8c9 Drivers/STM32L0xx_HAL_Driver/Src/stm32l0xx_hal.o
 .debug_info    0x00000000000021a3      0x985 Drivers/STM32L0xx_HAL_Driver/Src/stm32l0xx_hal_cortex.o
 .debug_info    0x0000000000002b28      0x788 Drivers/STM32L0xx_HAL_Driver/Src/stm32l0xx_hal_gpio.o
 .debug_info    0x00000000000032b0      0x9b8 Drivers/STM32L0xx_HAL_Driver/Src/stm32l0xx_hal_rcc.o
 .debug_info    0x0000000000003c68      0x7f0 Lib/Core.o
 .debug_info    0x0000000000004458      0x6e7 Lib/GPIO.o
 .debug_info    0x0000000000004b3f      0xa9c Lib/TIM.o

.debug_abbrev   0x0000000000000000     0x175b
 .debug_abbrev  0x0000000000000000      0x177 Core/Src/Motor.o
 .debug_abbrev  0x0000000000000177      0x1bc Core/Src/Radio.o
 .debug_abbrev  0x0000000000000333      0x1b0 Core/Src/Servo.o
 .debug_abbrev  0x00000000000004e3      0x159 Core/Src/main.o
 .debug_abbrev  0x000000000000063c      0x145 Core/Src/system_stm32l0xx.o
 .debug_abbrev  0x0000000000000781       0x12 Core/Startup/startup_stm32l051k8ux.o
 .debug_abbrev  0x0000000000000793      0x267 Drivers/STM32L0xx_HAL_Driver/Src/stm32l0xx_hal.o
 .debug_abbrev  0x00000000000009fa      0x2b4 Drivers/STM32L0xx_HAL_Driver/Src/stm32l0xx_hal_cortex.o
 .debug_abbrev  0x0000000000000cae      0x1e8 Drivers/STM32L0xx_HAL_Driver/Src/stm32l0xx_hal_gpio.o
 .debug_abbrev  0x0000000000000e96      0x246 Drivers/STM32L0xx_HAL_Driver/Src/stm32l0xx_hal_rcc.o
 .debug_abbrev  0x00000000000010dc      0x1fd Lib/Core.o
 .debug_abbrev  0x00000000000012d9      0x22b Lib/GPIO.o
 .debug_abbrev  0x0000000000001504      0x257 Lib/TIM.o

.debug_aranges  0x0000000000000000      0x600
 .debug_aranges
                0x0000000000000000       0x90 Core/Src/Motor.o
 .debug_aranges
                0x0000000000000090       0x50 Core/Src/Radio.o
 .debug_aranges
                0x00000000000000e0       0x68 Core/Src/Servo.o
 .debug_aranges
                0x0000000000000148       0x28 Core/Src/main.o
 .debug_aranges
                0x0000000000000170       0x28 Core/Src/system_stm32l0xx.o
 .debug_aranges
                0x0000000000000198       0x28 Core/Startup/startup_stm32l051k8ux.o
 .debug_aranges
                0x00000000000001c0      0x110 Drivers/STM32L0xx_HAL_Driver/Src/stm32l0xx_hal.o
 .debug_aranges
                0x00000000000002d0       0xd8 Drivers/STM32L0xx_HAL_Driver/Src/stm32l0xx_hal_cortex.o
 .debug_aranges
                0x00000000000003a8       0x58 Drivers/STM32L0xx_HAL_Driver/Src/stm32l0xx_hal_gpio.o
 .debug_aranges
                0x0000000000000400       0x80 Drivers/STM32L0xx_HAL_Driver/Src/stm32l0xx_hal_rcc.o
 .debug_aranges
                0x0000000000000480       0x60 Lib/Core.o
 .debug_aranges
                0x00000000000004e0       0x70 Lib/GPIO.o
 .debug_aranges
                0x0000000000000550       0xb0 Lib/TIM.o

.debug_ranges   0x0000000000000000      0x538
 .debug_ranges  0x0000000000000000       0x80 Core/Src/Motor.o
 .debug_ranges  0x0000000000000080       0x40 Core/Src/Radio.o
 .debug_ranges  0x00000000000000c0       0x58 Core/Src/Servo.o
 .debug_ranges  0x0000000000000118       0x18 Core/Src/main.o
 .debug_ranges  0x0000000000000130       0x18 Core/Src/system_stm32l0xx.o
 .debug_ranges  0x0000000000000148       0x20 Core/Startup/startup_stm32l051k8ux.o
 .debug_ranges  0x0000000000000168      0x100 Drivers/STM32L0xx_HAL_Driver/Src/stm32l0xx_hal.o
 .debug_ranges  0x0000000000000268       0xc8 Drivers/STM32L0xx_HAL_Driver/Src/stm32l0xx_hal_cortex.o
 .debug_ranges  0x0000000000000330       0x48 Drivers/STM32L0xx_HAL_Driver/Src/stm32l0xx_hal_gpio.o
 .debug_ranges  0x0000000000000378       0x70 Drivers/STM32L0xx_HAL_Driver/Src/stm32l0xx_hal_rcc.o
 .debug_ranges  0x00000000000003e8       0x50 Lib/Core.o
 .debug_ranges  0x0000000000000438       0x60 Lib/GPIO.o
 .debug_ranges  0x0000000000000498       0xa0 Lib/TIM.o

.debug_macro    0x0000000000000000     0x1a93
 .debug_macro   0x0000000000000000      0x264 Core/Src/Motor.o
 .debug_macro   0x0000000000000264       0x2e Core/Src/Motor.o
 .debug_macro   0x0000000000000292      0x244 Core/Src/Radio.o
 .debug_macro   0x00000000000004d6       0x34 Core/Src/Radio.o
 .debug_macro   0x000000000000050a      0x261 Core/Src/Servo.o
 .debug_macro   0x000000000000076b      0x262 Core/Src/main.o
 .debug_macro   0x00000000000009cd      0x1f1 Core/Src/system_stm32l0xx.o
 .debug_macro   0x0000000000000bbe      0x215 Drivers/STM32L0xx_HAL_Driver/Src/stm32l0xx_hal.o
 .debug_macro   0x0000000000000dd3      0x1f1 Drivers/STM32L0xx_HAL_Driver/Src/stm32l0xx_hal_cortex.o
 .debug_macro   0x0000000000000fc4      0x229 Drivers/STM32L0xx_HAL_Driver/Src/stm32l0xx_hal_gpio.o
 .debug_macro   0x00000000000011ed      0x227 Drivers/STM32L0xx_HAL_Driver/Src/stm32l0xx_hal_rcc.o
 .debug_macro   0x0000000000001414      0x223 Lib/Core.o
 .debug_macro   0x0000000000001637      0x21b Lib/GPIO.o
 .debug_macro   0x0000000000001852      0x241 Lib/TIM.o

.debug_line     0x0000000000000000     0x77b2
 .debug_line    0x0000000000000000      0x969 Core/Src/Motor.o
 .debug_line    0x0000000000000969      0x8ab Core/Src/Radio.o
 .debug_line    0x0000000000001214      0x8bc Core/Src/Servo.o
 .debug_line    0x0000000000001ad0      0x800 Core/Src/main.o
 .debug_line    0x00000000000022d0      0x80d Core/Src/system_stm32l0xx.o
 .debug_line    0x0000000000002add       0x89 Core/Startup/startup_stm32l051k8ux.o
 .debug_line    0x0000000000002b66      0xab0 Drivers/STM32L0xx_HAL_Driver/Src/stm32l0xx_hal.o
 .debug_line    0x0000000000003616      0xb7e Drivers/STM32L0xx_HAL_Driver/Src/stm32l0xx_hal_cortex.o
 .debug_line    0x0000000000004194      0xb4c Drivers/STM32L0xx_HAL_Driver/Src/stm32l0xx_hal_gpio.o
 .debug_line    0x0000000000004ce0      0xee8 Drivers/STM32L0xx_HAL_Driver/Src/stm32l0xx_hal_rcc.o
 .debug_line    0x0000000000005bc8      0x891 Lib/Core.o
 .debug_line    0x0000000000006459      0x8de Lib/GPIO.o
 .debug_line    0x0000000000006d37      0xa7b Lib/TIM.o

.debug_str      0x0000000000000000    0x72849
 .debug_str     0x0000000000000000    0x71237 Core/Src/Motor.o
                                      0x71598 (size before relaxing)
 .debug_str     0x0000000000071237      0x110 Core/Src/Radio.o
                                      0x714ed (size before relaxing)
 .debug_str     0x0000000000071347      0x117 Core/Src/Servo.o
                                      0x714a6 (size before relaxing)
 .debug_str     0x000000000007145e       0x2c Core/Src/main.o
                                      0x7143e (size before relaxing)
 .debug_str     0x000000000007148a       0xf9 Core/Src/system_stm32l0xx.o
                                      0x70dff (size before relaxing)
 .debug_str     0x0000000000071583       0x36 Core/Startup/startup_stm32l051k8ux.o
                                         0x58 (size before relaxing)
 .debug_str     0x00000000000715b9      0x575 Drivers/STM32L0xx_HAL_Driver/Src/stm32l0xx_hal.o
                                      0x71454 (size before relaxing)
 .debug_str     0x0000000000071b2e      0x2f5 Drivers/STM32L0xx_HAL_Driver/Src/stm32l0xx_hal_cortex.o
                                      0x71269 (size before relaxing)
 .debug_str     0x0000000000071e23      0x21d Drivers/STM32L0xx_HAL_Driver/Src/stm32l0xx_hal_gpio.o
                                      0x710a4 (size before relaxing)
 .debug_str     0x0000000000072040      0x41e Drivers/STM32L0xx_HAL_Driver/Src/stm32l0xx_hal_rcc.o
                                      0x712ce (size before relaxing)
 .debug_str     0x000000000007245e       0xc1 Lib/Core.o
                                      0x71715 (size before relaxing)
 .debug_str     0x000000000007251f       0xcb Lib/GPIO.o
                                      0x715c6 (size before relaxing)
 .debug_str     0x00000000000725ea      0x25f Lib/TIM.o
                                      0x71826 (size before relaxing)

.comment        0x0000000000000000       0x53
 .comment       0x0000000000000000       0x53 Core/Src/Motor.o
                                         0x54 (size before relaxing)
 .comment       0x0000000000000053       0x54 Core/Src/Radio.o
 .comment       0x0000000000000053       0x54 Core/Src/Servo.o
 .comment       0x0000000000000053       0x54 Core/Src/main.o
 .comment       0x0000000000000053       0x54 Core/Src/system_stm32l0xx.o
 .comment       0x0000000000000053       0x54 Drivers/STM32L0xx_HAL_Driver/Src/stm32l0xx_hal.o
 .comment       0x0000000000000053       0x54 Drivers/STM32L0xx_HAL_Driver/Src/stm32l0xx_hal_cortex.o
 .comment       0x0000000000000053       0x54 Drivers/STM32L0xx_HAL_Driver/Src/stm32l0xx_hal_gpio.o
 .comment       0x0000000000000053       0x54 Drivers/STM32L0xx_HAL_Driver/Src/stm32l0xx_hal_rcc.o
 .comment       0x0000000000000053       0x54 Lib/Core.o
 .comment       0x0000000000000053       0x54 Lib/GPIO.o
 .comment       0x0000000000000053       0x54 Lib/TIM.o

.debug_frame    0x0000000000000000     0x13ac
 .debug_frame   0x0000000000000000      0x1c4 Core/Src/Motor.o
 .debug_frame   0x00000000000001c4       0xf0 Core/Src/Radio.o
 .debug_frame   0x00000000000002b4      0x138 Core/Src/Servo.o
 .debug_frame   0x00000000000003ec       0x50 Core/Src/main.o
 .debug_frame   0x000000000000043c       0x4c Core/Src/system_stm32l0xx.o
 .debug_frame   0x0000000000000488      0x394 Drivers/STM32L0xx_HAL_Driver/Src/stm32l0xx_hal.o
 .debug_frame   0x000000000000081c      0x2fc Drivers/STM32L0xx_HAL_Driver/Src/stm32l0xx_hal_cortex.o
 .debug_frame   0x0000000000000b18      0x110 Drivers/STM32L0xx_HAL_Driver/Src/stm32l0xx_hal_gpio.o
 .debug_frame   0x0000000000000c28      0x1a8 Drivers/STM32L0xx_HAL_Driver/Src/stm32l0xx_hal_rcc.o
 .debug_frame   0x0000000000000dd0      0x118 Lib/Core.o
 .debug_frame   0x0000000000000ee8      0x168 Lib/GPIO.o
 .debug_frame   0x0000000000001050      0x260 Lib/TIM.o
 .debug_frame   0x00000000000012b0       0x2c c:/st/stm32cubeide_1.6.1/stm32cubeide/plugins/com.st.stm32cube.ide.mcu.externaltools.gnu-tools-for-stm32.9-2020-q2-update.win32_1.5.0.202011040924/tools/bin/../lib/gcc/arm-none-eabi/9.3.1/../../../../arm-none-eabi/lib/thumb/v6-m/nofp\libc_nano.a(lib_a-init.o)
 .debug_frame   0x00000000000012dc       0x20 c:/st/stm32cubeide_1.6.1/stm32cubeide/plugins/com.st.stm32cube.ide.mcu.externaltools.gnu-tools-for-stm32.9-2020-q2-update.win32_1.5.0.202011040924/tools/bin/../lib/gcc/arm-none-eabi/9.3.1/../../../../arm-none-eabi/lib/thumb/v6-m/nofp\libc_nano.a(lib_a-memset.o)
 .debug_frame   0x00000000000012fc       0x20 c:/st/stm32cubeide_1.6.1/stm32cubeide/plugins/com.st.stm32cube.ide.mcu.externaltools.gnu-tools-for-stm32.9-2020-q2-update.win32_1.5.0.202011040924/tools/bin/../lib/gcc/arm-none-eabi/9.3.1/thumb/v6-m/nofp\libgcc.a(_udivsi3.o)
 .debug_frame   0x000000000000131c       0x20 c:/st/stm32cubeide_1.6.1/stm32cubeide/plugins/com.st.stm32cube.ide.mcu.externaltools.gnu-tools-for-stm32.9-2020-q2-update.win32_1.5.0.202011040924/tools/bin/../lib/gcc/arm-none-eabi/9.3.1/thumb/v6-m/nofp\libgcc.a(_divsi3.o)
 .debug_frame   0x000000000000133c       0x34 c:/st/stm32cubeide_1.6.1/stm32cubeide/plugins/com.st.stm32cube.ide.mcu.externaltools.gnu-tools-for-stm32.9-2020-q2-update.win32_1.5.0.202011040924/tools/bin/../lib/gcc/arm-none-eabi/9.3.1/thumb/v6-m/nofp\libgcc.a(_muldi3.o)
 .debug_frame   0x0000000000001370       0x3c c:/st/stm32cubeide_1.6.1/stm32cubeide/plugins/com.st.stm32cube.ide.mcu.externaltools.gnu-tools-for-stm32.9-2020-q2-update.win32_1.5.0.202011040924/tools/bin/../lib/gcc/arm-none-eabi/9.3.1/thumb/v6-m/nofp\libgcc.a(_udivmoddi4.o)
